<?xml version="1.0" encoding="ISO-8859-1" ?>
<link_info>
   <banner>MSP430 Linker PC v18.1.3.LTS</banner>
   <copyright>Copyright (c) 2003-2017 Texas Instruments Incorporated</copyright>
   <link_time>0x5bd0d358</link_time>
   <link_errors>0x0</link_errors>
   <output_file>Intellitune.out</output_file>
   <entry_point>
      <name>_c_int00_noargs</name>
      <address>0x8af8</address>
   </entry_point>
   <input_file_list>
      <input_file id="fl-2">
         <path>.\</path>
         <kind>object</kind>
         <file>freq_counter.obj</file>
         <name>freq_counter.obj</name>
      </input_file>
      <input_file id="fl-3">
         <path>.\</path>
         <kind>object</kind>
         <file>hd44780.obj</file>
         <name>hd44780.obj</name>
      </input_file>
      <input_file id="fl-4">
         <path>.\</path>
         <kind>object</kind>
         <file>intellitune.obj</file>
         <name>intellitune.obj</name>
      </input_file>
      <input_file id="fl-5">
         <path>.\</path>
         <kind>object</kind>
         <file>relay.obj</file>
         <name>relay.obj</name>
      </input_file>
      <input_file id="fl-6">
         <path>.\</path>
         <kind>object</kind>
         <file>standing_wave_sensor.obj</file>
         <name>standing_wave_sensor.obj</name>
      </input_file>
      <input_file id="fl-7">
         <path>.\</path>
         <kind>object</kind>
         <file>stepper_control.obj</file>
         <name>stepper_control.obj</name>
      </input_file>
      <input_file id="fl-8">
         <path>.\</path>
         <kind>object</kind>
         <file>user_iface.obj</file>
         <name>user_iface.obj</name>
      </input_file>
      <input_file id="fl-9">
         <path>.\driverlib\MSP430FR2xx_4xx\</path>
         <kind>object</kind>
         <file>adc.obj</file>
         <name>adc.obj</name>
      </input_file>
      <input_file id="fl-a">
         <path>.\driverlib\MSP430FR2xx_4xx\</path>
         <kind>object</kind>
         <file>crc.obj</file>
         <name>crc.obj</name>
      </input_file>
      <input_file id="fl-b">
         <path>.\driverlib\MSP430FR2xx_4xx\</path>
         <kind>object</kind>
         <file>cs.obj</file>
         <name>cs.obj</name>
      </input_file>
      <input_file id="fl-c">
         <path>.\driverlib\MSP430FR2xx_4xx\</path>
         <kind>object</kind>
         <file>ecomp.obj</file>
         <name>ecomp.obj</name>
      </input_file>
      <input_file id="fl-d">
         <path>.\driverlib\MSP430FR2xx_4xx\</path>
         <kind>object</kind>
         <file>eusci_a_spi.obj</file>
         <name>eusci_a_spi.obj</name>
      </input_file>
      <input_file id="fl-e">
         <path>.\driverlib\MSP430FR2xx_4xx\</path>
         <kind>object</kind>
         <file>eusci_a_uart.obj</file>
         <name>eusci_a_uart.obj</name>
      </input_file>
      <input_file id="fl-f">
         <path>.\driverlib\MSP430FR2xx_4xx\</path>
         <kind>object</kind>
         <file>eusci_b_i2c.obj</file>
         <name>eusci_b_i2c.obj</name>
      </input_file>
      <input_file id="fl-10">
         <path>.\driverlib\MSP430FR2xx_4xx\</path>
         <kind>object</kind>
         <file>eusci_b_spi.obj</file>
         <name>eusci_b_spi.obj</name>
      </input_file>
      <input_file id="fl-11">
         <path>.\driverlib\MSP430FR2xx_4xx\</path>
         <kind>object</kind>
         <file>framctl.obj</file>
         <name>framctl.obj</name>
      </input_file>
      <input_file id="fl-12">
         <path>.\driverlib\MSP430FR2xx_4xx\</path>
         <kind>object</kind>
         <file>gpio.obj</file>
         <name>gpio.obj</name>
      </input_file>
      <input_file id="fl-13">
         <path>.\driverlib\MSP430FR2xx_4xx\</path>
         <kind>object</kind>
         <file>lcd_e.obj</file>
         <name>lcd_e.obj</name>
      </input_file>
      <input_file id="fl-14">
         <path>.\driverlib\MSP430FR2xx_4xx\</path>
         <kind>object</kind>
         <file>mpy32.obj</file>
         <name>mpy32.obj</name>
      </input_file>
      <input_file id="fl-15">
         <path>.\driverlib\MSP430FR2xx_4xx\</path>
         <kind>object</kind>
         <file>pmm.obj</file>
         <name>pmm.obj</name>
      </input_file>
      <input_file id="fl-16">
         <path>.\driverlib\MSP430FR2xx_4xx\</path>
         <kind>object</kind>
         <file>rtc.obj</file>
         <name>rtc.obj</name>
      </input_file>
      <input_file id="fl-17">
         <path>.\driverlib\MSP430FR2xx_4xx\</path>
         <kind>object</kind>
         <file>sac.obj</file>
         <name>sac.obj</name>
      </input_file>
      <input_file id="fl-18">
         <path>.\driverlib\MSP430FR2xx_4xx\</path>
         <kind>object</kind>
         <file>sfr.obj</file>
         <name>sfr.obj</name>
      </input_file>
      <input_file id="fl-19">
         <path>.\driverlib\MSP430FR2xx_4xx\</path>
         <kind>object</kind>
         <file>sysctl.obj</file>
         <name>sysctl.obj</name>
      </input_file>
      <input_file id="fl-1a">
         <path>.\driverlib\MSP430FR2xx_4xx\</path>
         <kind>object</kind>
         <file>timer_a.obj</file>
         <name>timer_a.obj</name>
      </input_file>
      <input_file id="fl-1b">
         <path>.\driverlib\MSP430FR2xx_4xx\</path>
         <kind>object</kind>
         <file>timer_b.obj</file>
         <name>timer_b.obj</name>
      </input_file>
      <input_file id="fl-1c">
         <path>.\driverlib\MSP430FR2xx_4xx\</path>
         <kind>object</kind>
         <file>tlv.obj</file>
         <name>tlv.obj</name>
      </input_file>
      <input_file id="fl-1d">
         <path>.\driverlib\MSP430FR2xx_4xx\</path>
         <kind>object</kind>
         <file>tri.obj</file>
         <name>tri.obj</name>
      </input_file>
      <input_file id="fl-1e">
         <path>.\driverlib\MSP430FR2xx_4xx\</path>
         <kind>object</kind>
         <file>wdt_a.obj</file>
         <name>wdt_a.obj</name>
      </input_file>
      <input_file id="fl-23">
         <kind>object</kind>
         <file>&lt;internal&gt;</file>
         <name>&lt;internal&gt;</name>
      </input_file>
      <input_file id="fl-39">
         <path>C:\ti\ccsv8\tools\compiler\ti-cgt-msp430_18.1.3.LTS\lib\</path>
         <kind>archive</kind>
         <file>rts430x_lc_sd_eabi.lib</file>
         <name>copy_decompress_lzss.c.obj</name>
      </input_file>
      <input_file id="fl-3a">
         <path>C:\ti\ccsv8\tools\compiler\ti-cgt-msp430_18.1.3.LTS\lib\</path>
         <kind>archive</kind>
         <file>rts430x_lc_sd_eabi.lib</file>
         <name>copy_decompress_none.c.obj</name>
      </input_file>
      <input_file id="fl-3b">
         <path>C:\ti\ccsv8\tools\compiler\ti-cgt-msp430_18.1.3.LTS\lib\</path>
         <kind>archive</kind>
         <file>rts430x_lc_sd_eabi.lib</file>
         <name>int22.asm.obj</name>
      </input_file>
      <input_file id="fl-3c">
         <path>C:\ti\ccsv8\tools\compiler\ti-cgt-msp430_18.1.3.LTS\lib\</path>
         <kind>archive</kind>
         <file>rts430x_lc_sd_eabi.lib</file>
         <name>isr_trap.asm.obj</name>
      </input_file>
      <input_file id="fl-3d">
         <path>C:\ti\ccsv8\tools\compiler\ti-cgt-msp430_18.1.3.LTS\lib\</path>
         <kind>archive</kind>
         <file>rts430x_lc_sd_eabi.lib</file>
         <name>int23.asm.obj</name>
      </input_file>
      <input_file id="fl-3e">
         <path>C:\ti\ccsv8\tools\compiler\ti-cgt-msp430_18.1.3.LTS\lib\</path>
         <kind>archive</kind>
         <file>rts430x_lc_sd_eabi.lib</file>
         <name>int24.asm.obj</name>
      </input_file>
      <input_file id="fl-3f">
         <path>C:\ti\ccsv8\tools\compiler\ti-cgt-msp430_18.1.3.LTS\lib\</path>
         <kind>archive</kind>
         <file>rts430x_lc_sd_eabi.lib</file>
         <name>int25.asm.obj</name>
      </input_file>
      <input_file id="fl-40">
         <path>C:\ti\ccsv8\tools\compiler\ti-cgt-msp430_18.1.3.LTS\lib\</path>
         <kind>archive</kind>
         <file>rts430x_lc_sd_eabi.lib</file>
         <name>int26.asm.obj</name>
      </input_file>
      <input_file id="fl-41">
         <path>C:\ti\ccsv8\tools\compiler\ti-cgt-msp430_18.1.3.LTS\lib\</path>
         <kind>archive</kind>
         <file>rts430x_lc_sd_eabi.lib</file>
         <name>int27.asm.obj</name>
      </input_file>
      <input_file id="fl-42">
         <path>C:\ti\ccsv8\tools\compiler\ti-cgt-msp430_18.1.3.LTS\lib\</path>
         <kind>archive</kind>
         <file>rts430x_lc_sd_eabi.lib</file>
         <name>int28.asm.obj</name>
      </input_file>
      <input_file id="fl-43">
         <path>C:\ti\ccsv8\tools\compiler\ti-cgt-msp430_18.1.3.LTS\lib\</path>
         <kind>archive</kind>
         <file>rts430x_lc_sd_eabi.lib</file>
         <name>int29.asm.obj</name>
      </input_file>
      <input_file id="fl-44">
         <path>C:\ti\ccsv8\tools\compiler\ti-cgt-msp430_18.1.3.LTS\lib\</path>
         <kind>archive</kind>
         <file>rts430x_lc_sd_eabi.lib</file>
         <name>int30.asm.obj</name>
      </input_file>
      <input_file id="fl-45">
         <path>C:\ti\ccsv8\tools\compiler\ti-cgt-msp430_18.1.3.LTS\lib\</path>
         <kind>archive</kind>
         <file>rts430x_lc_sd_eabi.lib</file>
         <name>int31.asm.obj</name>
      </input_file>
      <input_file id="fl-46">
         <path>C:\ti\ccsv8\tools\compiler\ti-cgt-msp430_18.1.3.LTS\lib\</path>
         <kind>archive</kind>
         <file>rts430x_lc_sd_eabi.lib</file>
         <name>int32.asm.obj</name>
      </input_file>
      <input_file id="fl-47">
         <path>C:\ti\ccsv8\tools\compiler\ti-cgt-msp430_18.1.3.LTS\lib\</path>
         <kind>archive</kind>
         <file>rts430x_lc_sd_eabi.lib</file>
         <name>int33.asm.obj</name>
      </input_file>
      <input_file id="fl-48">
         <path>C:\ti\ccsv8\tools\compiler\ti-cgt-msp430_18.1.3.LTS\lib\</path>
         <kind>archive</kind>
         <file>rts430x_lc_sd_eabi.lib</file>
         <name>int34.asm.obj</name>
      </input_file>
      <input_file id="fl-49">
         <path>C:\ti\ccsv8\tools\compiler\ti-cgt-msp430_18.1.3.LTS\lib\</path>
         <kind>archive</kind>
         <file>rts430x_lc_sd_eabi.lib</file>
         <name>int35.asm.obj</name>
      </input_file>
      <input_file id="fl-4a">
         <path>C:\ti\ccsv8\tools\compiler\ti-cgt-msp430_18.1.3.LTS\lib\</path>
         <kind>archive</kind>
         <file>rts430x_lc_sd_eabi.lib</file>
         <name>int37.asm.obj</name>
      </input_file>
      <input_file id="fl-4b">
         <path>C:\ti\ccsv8\tools\compiler\ti-cgt-msp430_18.1.3.LTS\lib\</path>
         <kind>archive</kind>
         <file>rts430x_lc_sd_eabi.lib</file>
         <name>int38.asm.obj</name>
      </input_file>
      <input_file id="fl-4c">
         <path>C:\ti\ccsv8\tools\compiler\ti-cgt-msp430_18.1.3.LTS\lib\</path>
         <kind>archive</kind>
         <file>rts430x_lc_sd_eabi.lib</file>
         <name>int39.asm.obj</name>
      </input_file>
      <input_file id="fl-4d">
         <path>C:\ti\ccsv8\tools\compiler\ti-cgt-msp430_18.1.3.LTS\lib\</path>
         <kind>archive</kind>
         <file>rts430x_lc_sd_eabi.lib</file>
         <name>int41.asm.obj</name>
      </input_file>
      <input_file id="fl-4e">
         <path>C:\ti\ccsv8\tools\compiler\ti-cgt-msp430_18.1.3.LTS\lib\</path>
         <kind>archive</kind>
         <file>rts430x_lc_sd_eabi.lib</file>
         <name>int42.asm.obj</name>
      </input_file>
      <input_file id="fl-4f">
         <path>C:\ti\ccsv8\tools\compiler\ti-cgt-msp430_18.1.3.LTS\lib\</path>
         <kind>archive</kind>
         <file>rts430x_lc_sd_eabi.lib</file>
         <name>int44.asm.obj</name>
      </input_file>
      <input_file id="fl-50">
         <path>C:\ti\ccsv8\tools\compiler\ti-cgt-msp430_18.1.3.LTS\lib\</path>
         <kind>archive</kind>
         <file>rts430x_lc_sd_eabi.lib</file>
         <name>int45.asm.obj</name>
      </input_file>
      <input_file id="fl-51">
         <path>C:\ti\ccsv8\tools\compiler\ti-cgt-msp430_18.1.3.LTS\lib\</path>
         <kind>archive</kind>
         <file>rts430x_lc_sd_eabi.lib</file>
         <name>copy_zero_init.c.obj</name>
      </input_file>
      <input_file id="fl-52">
         <path>C:\ti\ccsv8\tools\compiler\ti-cgt-msp430_18.1.3.LTS\lib\</path>
         <kind>archive</kind>
         <file>rts430x_lc_sd_eabi.lib</file>
         <name>cpy_util.asm.obj</name>
      </input_file>
      <input_file id="fl-53">
         <path>C:\ti\ccsv8\tools\compiler\ti-cgt-msp430_18.1.3.LTS\lib\</path>
         <kind>archive</kind>
         <file>rts430x_lc_sd_eabi.lib</file>
         <name>div16s.asm.obj</name>
      </input_file>
      <input_file id="fl-54">
         <path>C:\ti\ccsv8\tools\compiler\ti-cgt-msp430_18.1.3.LTS\lib\</path>
         <kind>archive</kind>
         <file>rts430x_lc_sd_eabi.lib</file>
         <name>div32s.asm.obj</name>
      </input_file>
      <input_file id="fl-55">
         <path>C:\ti\ccsv8\tools\compiler\ti-cgt-msp430_18.1.3.LTS\lib\</path>
         <kind>archive</kind>
         <file>rts430x_lc_sd_eabi.lib</file>
         <name>div16u.asm.obj</name>
      </input_file>
      <input_file id="fl-56">
         <path>C:\ti\ccsv8\tools\compiler\ti-cgt-msp430_18.1.3.LTS\lib\</path>
         <kind>archive</kind>
         <file>rts430x_lc_sd_eabi.lib</file>
         <name>div32u.asm.obj</name>
      </input_file>
      <input_file id="fl-57">
         <path>C:\ti\ccsv8\tools\compiler\ti-cgt-msp430_18.1.3.LTS\lib\</path>
         <kind>archive</kind>
         <file>rts430x_lc_sd_eabi.lib</file>
         <name>mult16_f5hw.asm.obj</name>
      </input_file>
      <input_file id="fl-58">
         <path>C:\ti\ccsv8\tools\compiler\ti-cgt-msp430_18.1.3.LTS\lib\</path>
         <kind>archive</kind>
         <file>rts430x_lc_sd_eabi.lib</file>
         <name>mult32.asm.obj</name>
      </input_file>
      <input_file id="fl-59">
         <path>C:\ti\ccsv8\tools\compiler\ti-cgt-msp430_18.1.3.LTS\lib\</path>
         <kind>archive</kind>
         <file>rts430x_lc_sd_eabi.lib</file>
         <name>mult32_f5hw.asm.obj</name>
      </input_file>
      <input_file id="fl-5a">
         <path>C:\ti\ccsv8\tools\compiler\ti-cgt-msp430_18.1.3.LTS\lib\</path>
         <kind>archive</kind>
         <file>rts430x_lc_sd_eabi.lib</file>
         <name>mult64_f5hw.asm.obj</name>
      </input_file>
      <input_file id="fl-5b">
         <path>C:\ti\ccsv8\tools\compiler\ti-cgt-msp430_18.1.3.LTS\lib\</path>
         <kind>archive</kind>
         <file>rts430x_lc_sd_eabi.lib</file>
         <name>mult1632_f5hw.asm.obj</name>
      </input_file>
      <input_file id="fl-5c">
         <path>C:\ti\ccsv8\tools\compiler\ti-cgt-msp430_18.1.3.LTS\lib\</path>
         <kind>archive</kind>
         <file>rts430x_lc_sd_eabi.lib</file>
         <name>mult3264_f5hw.asm.obj</name>
      </input_file>
      <input_file id="fl-5d">
         <path>C:\ti\ccsv8\tools\compiler\ti-cgt-msp430_18.1.3.LTS\lib\</path>
         <kind>archive</kind>
         <file>rts430x_lc_sd_eabi.lib</file>
         <name>lsl16.asm.obj</name>
      </input_file>
      <input_file id="fl-5e">
         <path>C:\ti\ccsv8\tools\compiler\ti-cgt-msp430_18.1.3.LTS\lib\</path>
         <kind>archive</kind>
         <file>rts430x_lc_sd_eabi.lib</file>
         <name>lsl32.asm.obj</name>
      </input_file>
      <input_file id="fl-5f">
         <path>C:\ti\ccsv8\tools\compiler\ti-cgt-msp430_18.1.3.LTS\lib\</path>
         <kind>archive</kind>
         <file>rts430x_lc_sd_eabi.lib</file>
         <name>boot.c.obj</name>
      </input_file>
      <input_file id="fl-60">
         <path>C:\ti\ccsv8\tools\compiler\ti-cgt-msp430_18.1.3.LTS\lib\</path>
         <kind>archive</kind>
         <file>rts430x_lc_sd_eabi.lib</file>
         <name>mpu_init.c.obj</name>
      </input_file>
      <input_file id="fl-61">
         <path>C:\ti\ccsv8\tools\compiler\ti-cgt-msp430_18.1.3.LTS\lib\</path>
         <kind>archive</kind>
         <file>rts430x_lc_sd_eabi.lib</file>
         <name>args_main.c.obj</name>
      </input_file>
      <input_file id="fl-62">
         <path>C:\ti\ccsv8\tools\compiler\ti-cgt-msp430_18.1.3.LTS\lib\</path>
         <kind>archive</kind>
         <file>rts430x_lc_sd_eabi.lib</file>
         <name>autoinit.c.obj</name>
      </input_file>
      <input_file id="fl-63">
         <path>C:\ti\ccsv8\tools\compiler\ti-cgt-msp430_18.1.3.LTS\lib\</path>
         <kind>archive</kind>
         <file>rts430x_lc_sd_eabi.lib</file>
         <name>startup.c.obj</name>
      </input_file>
      <input_file id="fl-64">
         <path>C:\ti\ccsv8\tools\compiler\ti-cgt-msp430_18.1.3.LTS\lib\</path>
         <kind>archive</kind>
         <file>rts430x_lc_sd_eabi.lib</file>
         <name>pre_init.c.obj</name>
      </input_file>
      <input_file id="fl-65">
         <path>C:\ti\ccsv8\tools\compiler\ti-cgt-msp430_18.1.3.LTS\lib\</path>
         <kind>archive</kind>
         <file>rts430x_lc_sd_eabi.lib</file>
         <name>cpy_tbl.c.obj</name>
      </input_file>
      <input_file id="fl-66">
         <path>C:\ti\ccsv8\tools\compiler\ti-cgt-msp430_18.1.3.LTS\lib\</path>
         <kind>archive</kind>
         <file>rts430x_lc_sd_eabi.lib</file>
         <name>mult16.asm.obj</name>
      </input_file>
      <input_file id="fl-67">
         <path>C:\ti\ccsv8\tools\compiler\ti-cgt-msp430_18.1.3.LTS\lib\</path>
         <kind>archive</kind>
         <file>rts430x_lc_sd_eabi.lib</file>
         <name>exit.c.obj</name>
      </input_file>
      <input_file id="fl-68">
         <path>C:\ti\ccsv8\tools\compiler\ti-cgt-msp430_18.1.3.LTS\lib\</path>
         <kind>archive</kind>
         <file>rts430x_lc_sd_eabi.lib</file>
         <name>exit_gvars.c.obj</name>
      </input_file>
      <input_file id="fl-69">
         <path>C:\ti\ccsv8\tools\compiler\ti-cgt-msp430_18.1.3.LTS\lib\</path>
         <kind>archive</kind>
         <file>rts430x_lc_sd_eabi.lib</file>
         <name>_lock.c.obj</name>
      </input_file>
      <input_file id="fl-6a">
         <path>C:\ti\ccsv8\tools\compiler\ti-cgt-msp430_18.1.3.LTS\lib\</path>
         <kind>archive</kind>
         <file>rts430x_lc_sd_eabi.lib</file>
         <name>memcpy.c.obj</name>
      </input_file>
      <input_file id="fl-6b">
         <path>C:\ti\ccsv8\tools\compiler\ti-cgt-msp430_18.1.3.LTS\lib\</path>
         <kind>archive</kind>
         <file>rts430x_lc_sd_eabi.lib</file>
         <name>sprintf.c.obj</name>
      </input_file>
      <input_file id="fl-6c">
         <path>C:\ti\ccsv8\tools\compiler\ti-cgt-msp430_18.1.3.LTS\lib\</path>
         <kind>archive</kind>
         <file>rts430x_lc_sd_eabi.lib</file>
         <name>_printfi_min.c.obj</name>
      </input_file>
      <input_file id="fl-6d">
         <path>C:\ti\ccsv8\tools\compiler\ti-cgt-msp430_18.1.3.LTS\lib\</path>
         <kind>archive</kind>
         <file>rts430x_lc_sd_eabi.lib</file>
         <name>lsr64.c.obj</name>
      </input_file>
      <input_file id="fl-6e">
         <path>C:\ti\ccsv8\tools\compiler\ti-cgt-msp430_18.1.3.LTS\lib\</path>
         <kind>archive</kind>
         <file>rts430x_lc_sd_eabi.lib</file>
         <name>memccpy.c.obj</name>
      </input_file>
      <input_file id="fl-6f">
         <path>C:\ti\ccsv8\tools\compiler\ti-cgt-msp430_18.1.3.LTS\lib\</path>
         <kind>archive</kind>
         <file>rts430x_lc_sd_eabi.lib</file>
         <name>memset.c.obj</name>
      </input_file>
      <input_file id="fl-70">
         <path>C:\ti\ccsv8\tools\compiler\ti-cgt-msp430_18.1.3.LTS\lib\</path>
         <kind>archive</kind>
         <file>rts430x_lc_sd_eabi.lib</file>
         <name>strlen.c.obj</name>
      </input_file>
   </input_file_list>
   <object_component_list>
      <object_component id="oc-72d">
         <name>__TI_handler_table</name>
         <load_address>0x8000</load_address>
         <run_address>0x8000</run_address>
         <size>0xc</size>
      </object_component>
      <object_component id="oc-730">
         <name>.cinit..data.load</name>
         <load_address>0x800c</load_address>
         <run_address>0x800c</run_address>
         <size>0x7</size>
      </object_component>
      <object_component id="oc-72f">
         <name>.cinit..bss.load</name>
         <load_address>0x8014</load_address>
         <run_address>0x8014</run_address>
         <size>0x6</size>
      </object_component>
      <object_component id="oc-72e">
         <name>__TI_cinit_table</name>
         <load_address>0x801a</load_address>
         <run_address>0x801a</run_address>
         <size>0x10</size>
      </object_component>
      <object_component id="oc-6cd">
         <name>.binit</name>
         <load_address>0x802a</load_address>
         <run_address>0x802a</run_address>
         <size>0x0</size>
      </object_component>
      <object_component id="oc-695">
         <name>.const:.string</name>
         <load_address>0x802a</load_address>
         <run_address>0x802a</run_address>
         <size>0x14</size>
         <input_file_ref idref="fl-6c"/>
      </object_component>
      <object_component id="oc-544">
         <name>.const:.string:$P$T0$4</name>
         <load_address>0x803e</load_address>
         <run_address>0x803e</run_address>
         <size>0x7</size>
         <input_file_ref idref="fl-3"/>
      </object_component>
      <object_component id="oc-58e">
         <name>.const:.string</name>
         <load_address>0x8046</load_address>
         <run_address>0x8046</run_address>
         <size>0x6</size>
         <input_file_ref idref="fl-4"/>
      </object_component>
      <object_component id="oc-4f5">
         <name>.text:hd44780_timer_isr</name>
         <load_address>0x804c</load_address>
         <run_address>0x804c</run_address>
         <size>0x174</size>
         <input_file_ref idref="fl-3"/>
      </object_component>
      <object_component id="oc-64c">
         <name>.text:_setfield</name>
         <load_address>0x81c0</load_address>
         <run_address>0x81c0</run_address>
         <size>0x10e</size>
         <input_file_ref idref="fl-6c"/>
      </object_component>
      <object_component id="oc-66">
         <name>.text:decompress:lzss:__TI_decompress_lzss</name>
         <load_address>0x82ce</load_address>
         <run_address>0x82ce</run_address>
         <size>0xee</size>
         <input_file_ref idref="fl-39"/>
      </object_component>
      <object_component id="oc-604">
         <name>.text:__TI_printfi_minimal</name>
         <load_address>0x83bc</load_address>
         <run_address>0x83bc</run_address>
         <size>0xe4</size>
         <input_file_ref idref="fl-6c"/>
      </object_component>
      <object_component id="oc-696">
         <name>.text:_pproc_diouxp</name>
         <load_address>0x84a0</load_address>
         <run_address>0x84a0</run_address>
         <size>0xc4</size>
         <input_file_ref idref="fl-6c"/>
      </object_component>
      <object_component id="oc-58f">
         <name>.text:hd44780_write_string</name>
         <load_address>0x8564</load_address>
         <run_address>0x8564</run_address>
         <size>0xac</size>
         <input_file_ref idref="fl-3"/>
      </object_component>
      <object_component id="oc-51e">
         <name>.text:main</name>
         <load_address>0x8610</load_address>
         <run_address>0x8610</run_address>
         <size>0x9e</size>
         <input_file_ref idref="fl-4"/>
      </object_component>
      <object_component id="oc-5c1">
         <name>.text:__TI_auto_init_nobinit_nopinit_hold_wdt:__TI_auto_init_nobinit_nopinit_hold_wdt</name>
         <load_address>0x86ae</load_address>
         <run_address>0x86ae</run_address>
         <size>0x6a</size>
         <input_file_ref idref="fl-62"/>
      </object_component>
      <object_component id="oc-505">
         <name>.text</name>
         <load_address>0x8718</load_address>
         <run_address>0x8718</run_address>
         <size>0x58</size>
         <input_file_ref idref="fl-56"/>
      </object_component>
      <object_component id="oc-55e">
         <name>.text:clock_configure</name>
         <load_address>0x8770</load_address>
         <run_address>0x8770</run_address>
         <size>0x52</size>
         <input_file_ref idref="fl-4"/>
      </object_component>
      <object_component id="oc-57c">
         <name>.text:initialize_stepper_control</name>
         <load_address>0x87c2</load_address>
         <run_address>0x87c2</run_address>
         <size>0x44</size>
         <input_file_ref idref="fl-7"/>
      </object_component>
      <object_component id="oc-48b">
         <name>.text:__memcpy_far</name>
         <load_address>0x8806</load_address>
         <run_address>0x8806</run_address>
         <size>0x40</size>
         <input_file_ref idref="fl-52"/>
      </object_component>
      <object_component id="oc-4ae">
         <name>.text:decompress:ZI:__TI_zero_init_nomemset:__TI_zero_init_nomemset</name>
         <load_address>0x8846</load_address>
         <run_address>0x8846</run_address>
         <size>0x3e</size>
         <input_file_ref idref="fl-51"/>
      </object_component>
      <object_component id="oc-500">
         <name>.text:l_lsl_const</name>
         <load_address>0x8884</load_address>
         <run_address>0x8884</run_address>
         <size>0x3e</size>
         <input_file_ref idref="fl-5e"/>
      </object_component>
      <object_component id="oc-6c">
         <name>.text:decompress:none:__TI_decompress_none</name>
         <load_address>0x88c2</load_address>
         <run_address>0x88c2</run_address>
         <size>0x3c</size>
         <input_file_ref idref="fl-3a"/>
      </object_component>
      <object_component id="oc-595">
         <name>.text:sprintf</name>
         <load_address>0x88fe</load_address>
         <run_address>0x88fe</run_address>
         <size>0x38</size>
         <input_file_ref idref="fl-6b"/>
      </object_component>
      <object_component id="oc-5ef">
         <name>.text:hd44780_clear_screen</name>
         <load_address>0x8936</load_address>
         <run_address>0x8936</run_address>
         <size>0x26</size>
         <input_file_ref idref="fl-3"/>
      </object_component>
      <object_component id="oc-588">
         <name>.text:measure_freq</name>
         <load_address>0x895c</load_address>
         <run_address>0x895c</run_address>
         <size>0x26</size>
         <input_file_ref idref="fl-2"/>
      </object_component>
      <object_component id="oc-582">
         <name>.text:lcd_init</name>
         <load_address>0x8982</load_address>
         <run_address>0x8982</run_address>
         <size>0x24</size>
         <input_file_ref idref="fl-8"/>
      </object_component>
      <object_component id="oc-576">
         <name>.text:initialize_spi</name>
         <load_address>0x89a6</load_address>
         <run_address>0x89a6</run_address>
         <size>0x1e</size>
         <input_file_ref idref="fl-6"/>
      </object_component>
      <object_component id="oc-69c">
         <name>.text:memccpy</name>
         <load_address>0x89c4</load_address>
         <run_address>0x89c4</run_address>
         <size>0x1a</size>
         <input_file_ref idref="fl-6e"/>
      </object_component>
      <object_component id="oc-5f8">
         <name>.text:_outs</name>
         <load_address>0x89de</load_address>
         <run_address>0x89de</run_address>
         <size>0x18</size>
         <input_file_ref idref="fl-6b"/>
      </object_component>
      <object_component id="oc-681">
         <name>.text</name>
         <load_address>0x89f6</load_address>
         <run_address>0x89f6</run_address>
         <size>0x18</size>
         <input_file_ref idref="fl-57"/>
      </object_component>
      <object_component id="oc-6c0">
         <name>.text</name>
         <load_address>0x8a0e</load_address>
         <run_address>0x8a0e</run_address>
         <size>0x16</size>
         <input_file_ref idref="fl-55"/>
      </object_component>
      <object_component id="oc-570">
         <name>.text:initialize_freq_counter</name>
         <load_address>0x8a24</load_address>
         <run_address>0x8a24</run_address>
         <size>0x14</size>
         <input_file_ref idref="fl-2"/>
      </object_component>
      <object_component id="oc-68f">
         <name>.text:memset</name>
         <load_address>0x8a38</load_address>
         <run_address>0x8a38</run_address>
         <size>0x14</size>
         <input_file_ref idref="fl-6f"/>
      </object_component>
      <object_component id="oc-5fe">
         <name>.text:_outc</name>
         <load_address>0x8a4c</load_address>
         <run_address>0x8a4c</run_address>
         <size>0x12</size>
         <input_file_ref idref="fl-6b"/>
      </object_component>
      <object_component id="oc-547">
         <name>.text:memcpy</name>
         <load_address>0x8a5e</load_address>
         <run_address>0x8a5e</run_address>
         <size>0x12</size>
         <input_file_ref idref="fl-6a"/>
      </object_component>
      <object_component id="oc-646">
         <name>.text:strlen</name>
         <load_address>0x8a70</load_address>
         <run_address>0x8a70</run_address>
         <size>0xe</size>
         <input_file_ref idref="fl-70"/>
      </object_component>
      <object_component id="oc-564">
         <name>.text:initialize_unused_pins</name>
         <load_address>0x8a7e</load_address>
         <run_address>0x8a7e</run_address>
         <size>0x8</size>
         <input_file_ref idref="fl-4"/>
      </object_component>
      <object_component id="oc-59d">
         <name>.text:abort</name>
         <load_address>0x8a86</load_address>
         <run_address>0x8a86</run_address>
         <size>0x6</size>
         <input_file_ref idref="fl-67"/>
      </object_component>
      <object_component id="oc-518">
         <name>.text:_system_pre_init</name>
         <load_address>0x8a8c</load_address>
         <run_address>0x8a8c</run_address>
         <size>0x4</size>
         <input_file_ref idref="fl-64"/>
      </object_component>
      <object_component id="oc-56a">
         <name>.text:initialize_relay</name>
         <load_address>0x8a90</load_address>
         <run_address>0x8a90</run_address>
         <size>0x4</size>
         <input_file_ref idref="fl-5"/>
      </object_component>
      <object_component id="oc-620">
         <name>.text:_system_post_cinit</name>
         <load_address>0x8a94</load_address>
         <run_address>0x8a94</run_address>
         <size>0x2</size>
         <input_file_ref idref="fl-63"/>
      </object_component>
      <object_component id="oc-4a8">
         <name>.text:_isr:Timer0_B3</name>
         <load_address>0x8a96</load_address>
         <run_address>0x8a96</run_address>
         <size>0x44</size>
         <input_file_ref idref="fl-2"/>
      </object_component>
      <object_component id="oc-49c">
         <name>.text:_isr:timer_3_b1_isr</name>
         <load_address>0x8ada</load_address>
         <run_address>0x8ada</run_address>
         <size>0x1e</size>
         <input_file_ref idref="fl-8"/>
      </object_component>
      <object_component id="oc-4c0">
         <name>.text:_isr:_c_int00_noargs</name>
         <load_address>0x8af8</load_address>
         <run_address>0x8af8</run_address>
         <size>0x1c</size>
         <input_file_ref idref="fl-5f"/>
      </object_component>
      <object_component id="oc-4a2">
         <name>.text:_isr:Timer1_B3</name>
         <load_address>0x8b14</load_address>
         <run_address>0x8b14</run_address>
         <size>0xa</size>
         <input_file_ref idref="fl-2"/>
      </object_component>
      <object_component id="oc-497">
         <name>.text:_isr:__TI_ISR_TRAP</name>
         <load_address>0x8b1e</load_address>
         <run_address>0x8b1e</run_address>
         <size>0x8</size>
         <input_file_ref idref="fl-3c"/>
      </object_component>
      <object_component id="oc-540">
         <name>.bss:u8__hd44780_data_buffer</name>
         <uninitialized>true</uninitialized>
         <run_address>0x2000</run_address>
         <size>0x20</size>
         <input_file_ref idref="fl-3"/>
      </object_component>
      <object_component id="oc-543">
         <name>.bss</name>
         <uninitialized>true</uninitialized>
         <run_address>0x2024</run_address>
         <size>0x1</size>
         <input_file_ref idref="fl-3"/>
      </object_component>
      <object_component id="oc-4fc">
         <name>.common:overflowCount</name>
         <uninitialized>true</uninitialized>
         <run_address>0x2022</run_address>
         <size>0x2</size>
      </object_component>
      <object_component id="oc-50a">
         <name>.common:frequency</name>
         <uninitialized>true</uninitialized>
         <run_address>0x2020</run_address>
         <size>0x2</size>
      </object_component>
      <object_component id="oc-53f">
         <name>.data</name>
         <load_address>0x2026</load_address>
         <run_address>0x2026</run_address>
         <size>0x4</size>
         <input_file_ref idref="fl-3"/>
      </object_component>
      <object_component id="oc-47c">
         <name>.stack</name>
         <uninitialized>true</uninitialized>
         <run_address>0x2f60</run_address>
         <size>0x2</size>
         <input_file_ref idref="fl-5f"/>
      </object_component>
      <object_component id="oc-731">
         <name>.stack</name>
         <uninitialized>true</uninitialized>
         <run_address>0x2f60</run_address>
         <size>0x0</size>
      </object_component>
      <object_component id="oc-72">
         <name>.int22</name>
         <load_address>0xffce</load_address>
         <run_address>0xffce</run_address>
         <size>0x2</size>
         <input_file_ref idref="fl-3b"/>
      </object_component>
      <object_component id="oc-73">
         <name>.int23</name>
         <load_address>0xffd0</load_address>
         <run_address>0xffd0</run_address>
         <size>0x2</size>
         <input_file_ref idref="fl-3d"/>
      </object_component>
      <object_component id="oc-74">
         <name>.int24</name>
         <load_address>0xffd2</load_address>
         <run_address>0xffd2</run_address>
         <size>0x2</size>
         <input_file_ref idref="fl-3e"/>
      </object_component>
      <object_component id="oc-75">
         <name>.int25</name>
         <load_address>0xffd4</load_address>
         <run_address>0xffd4</run_address>
         <size>0x2</size>
         <input_file_ref idref="fl-3f"/>
      </object_component>
      <object_component id="oc-76">
         <name>.int26</name>
         <load_address>0xffd6</load_address>
         <run_address>0xffd6</run_address>
         <size>0x2</size>
         <input_file_ref idref="fl-40"/>
      </object_component>
      <object_component id="oc-77">
         <name>.int27</name>
         <load_address>0xffd8</load_address>
         <run_address>0xffd8</run_address>
         <size>0x2</size>
         <input_file_ref idref="fl-41"/>
      </object_component>
      <object_component id="oc-78">
         <name>.int28</name>
         <load_address>0xffda</load_address>
         <run_address>0xffda</run_address>
         <size>0x2</size>
         <input_file_ref idref="fl-42"/>
      </object_component>
      <object_component id="oc-79">
         <name>.int29</name>
         <load_address>0xffdc</load_address>
         <run_address>0xffdc</run_address>
         <size>0x2</size>
         <input_file_ref idref="fl-43"/>
      </object_component>
      <object_component id="oc-7a">
         <name>.int30</name>
         <load_address>0xffde</load_address>
         <run_address>0xffde</run_address>
         <size>0x2</size>
         <input_file_ref idref="fl-44"/>
      </object_component>
      <object_component id="oc-7b">
         <name>.int31</name>
         <load_address>0xffe0</load_address>
         <run_address>0xffe0</run_address>
         <size>0x2</size>
         <input_file_ref idref="fl-45"/>
      </object_component>
      <object_component id="oc-7c">
         <name>.int32</name>
         <load_address>0xffe2</load_address>
         <run_address>0xffe2</run_address>
         <size>0x2</size>
         <input_file_ref idref="fl-46"/>
      </object_component>
      <object_component id="oc-7d">
         <name>.int33</name>
         <load_address>0xffe4</load_address>
         <run_address>0xffe4</run_address>
         <size>0x2</size>
         <input_file_ref idref="fl-47"/>
      </object_component>
      <object_component id="oc-7e">
         <name>.int34</name>
         <load_address>0xffe6</load_address>
         <run_address>0xffe6</run_address>
         <size>0x2</size>
         <input_file_ref idref="fl-48"/>
      </object_component>
      <object_component id="oc-7f">
         <name>.int35</name>
         <load_address>0xffe8</load_address>
         <run_address>0xffe8</run_address>
         <size>0x2</size>
         <input_file_ref idref="fl-49"/>
      </object_component>
      <object_component id="oc-80">
         <name>.int36</name>
         <load_address>0xffea</load_address>
         <run_address>0xffea</run_address>
         <size>0x2</size>
         <input_file_ref idref="fl-8"/>
      </object_component>
      <object_component id="oc-81">
         <name>.int37</name>
         <load_address>0xffec</load_address>
         <run_address>0xffec</run_address>
         <size>0x2</size>
         <input_file_ref idref="fl-4a"/>
      </object_component>
      <object_component id="oc-82">
         <name>.int38</name>
         <load_address>0xffee</load_address>
         <run_address>0xffee</run_address>
         <size>0x2</size>
         <input_file_ref idref="fl-4b"/>
      </object_component>
      <object_component id="oc-83">
         <name>.int39</name>
         <load_address>0xfff0</load_address>
         <run_address>0xfff0</run_address>
         <size>0x2</size>
         <input_file_ref idref="fl-4c"/>
      </object_component>
      <object_component id="oc-84">
         <name>.int40</name>
         <load_address>0xfff2</load_address>
         <run_address>0xfff2</run_address>
         <size>0x2</size>
         <input_file_ref idref="fl-2"/>
      </object_component>
      <object_component id="oc-85">
         <name>.int41</name>
         <load_address>0xfff4</load_address>
         <run_address>0xfff4</run_address>
         <size>0x2</size>
         <input_file_ref idref="fl-4d"/>
      </object_component>
      <object_component id="oc-86">
         <name>.int42</name>
         <load_address>0xfff6</load_address>
         <run_address>0xfff6</run_address>
         <size>0x2</size>
         <input_file_ref idref="fl-4e"/>
      </object_component>
      <object_component id="oc-87">
         <name>.int43</name>
         <load_address>0xfff8</load_address>
         <run_address>0xfff8</run_address>
         <size>0x2</size>
         <input_file_ref idref="fl-2"/>
      </object_component>
      <object_component id="oc-88">
         <name>.int44</name>
         <load_address>0xfffa</load_address>
         <run_address>0xfffa</run_address>
         <size>0x2</size>
         <input_file_ref idref="fl-4f"/>
      </object_component>
      <object_component id="oc-89">
         <name>.int45</name>
         <load_address>0xfffc</load_address>
         <run_address>0xfffc</run_address>
         <size>0x2</size>
         <input_file_ref idref="fl-50"/>
      </object_component>
      <object_component id="oc-47f">
         <name>.reset</name>
         <load_address>0xfffe</load_address>
         <run_address>0xfffe</run_address>
         <size>0x2</size>
         <input_file_ref idref="fl-5f"/>
      </object_component>
      <object_component id="oc-4fd">
         <name>.debug_info</name>
         <load_address>0x0</load_address>
         <run_address>0x0</run_address>
         <size>0x2b6</size>
         <input_file_ref idref="fl-2"/>
      </object_component>
      <object_component id="oc-589">
         <name>.debug_info</name>
         <load_address>0x2b6</load_address>
         <run_address>0x2b6</run_address>
         <size>0x122</size>
         <input_file_ref idref="fl-2"/>
      </object_component>
      <object_component id="oc-572">
         <name>.debug_info</name>
         <load_address>0x3d8</load_address>
         <run_address>0x3d8</run_address>
         <size>0x138</size>
         <input_file_ref idref="fl-2"/>
      </object_component>
      <object_component id="oc-4a4">
         <name>.debug_info</name>
         <load_address>0x510</load_address>
         <run_address>0x510</run_address>
         <size>0x11d</size>
         <input_file_ref idref="fl-2"/>
      </object_component>
      <object_component id="oc-4a9">
         <name>.debug_info</name>
         <load_address>0x62d</load_address>
         <run_address>0x62d</run_address>
         <size>0x18c</size>
         <input_file_ref idref="fl-2"/>
      </object_component>
      <object_component id="oc-551">
         <name>.debug_info</name>
         <load_address>0x7b9</load_address>
         <run_address>0x7b9</run_address>
         <size>0x26b</size>
         <input_file_ref idref="fl-2"/>
      </object_component>
      <object_component id="oc-486">
         <name>.debug_info</name>
         <load_address>0xa24</load_address>
         <run_address>0xa24</run_address>
         <size>0x84</size>
         <input_file_ref idref="fl-2"/>
      </object_component>
      <object_component id="oc-558">
         <name>.debug_info</name>
         <load_address>0xaa8</load_address>
         <run_address>0xaa8</run_address>
         <size>0x275</size>
         <input_file_ref idref="fl-2"/>
      </object_component>
      <object_component id="oc-50c">
         <name>.debug_info</name>
         <load_address>0xd1d</load_address>
         <run_address>0xd1d</run_address>
         <size>0xbb</size>
         <input_file_ref idref="fl-2"/>
      </object_component>
      <object_component id="oc-654">
         <name>.debug_info</name>
         <load_address>0xdd8</load_address>
         <run_address>0xdd8</run_address>
         <size>0x2c</size>
         <input_file_ref idref="fl-2"/>
      </object_component>
      <object_component id="oc-54e">
         <name>.debug_info</name>
         <load_address>0xe04</load_address>
         <run_address>0xe04</run_address>
         <size>0x1bb</size>
         <input_file_ref idref="fl-3"/>
      </object_component>
      <object_component id="oc-541">
         <name>.debug_info</name>
         <load_address>0xfbf</load_address>
         <run_address>0xfbf</run_address>
         <size>0xf8</size>
         <input_file_ref idref="fl-3"/>
      </object_component>
      <object_component id="oc-545">
         <name>.debug_info</name>
         <load_address>0x10b7</load_address>
         <run_address>0x10b7</run_address>
         <size>0xd9</size>
         <input_file_ref idref="fl-3"/>
      </object_component>
      <object_component id="oc-4f6">
         <name>.debug_info</name>
         <load_address>0x1190</load_address>
         <run_address>0x1190</run_address>
         <size>0x248</size>
         <input_file_ref idref="fl-3"/>
      </object_component>
      <object_component id="oc-591">
         <name>.debug_info</name>
         <load_address>0x13d8</load_address>
         <run_address>0x13d8</run_address>
         <size>0x236</size>
         <input_file_ref idref="fl-3"/>
      </object_component>
      <object_component id="oc-5f0">
         <name>.debug_info</name>
         <load_address>0x160e</load_address>
         <run_address>0x160e</run_address>
         <size>0x146</size>
         <input_file_ref idref="fl-3"/>
      </object_component>
      <object_component id="oc-59c">
         <name>.debug_info</name>
         <load_address>0x1754</load_address>
         <run_address>0x1754</run_address>
         <size>0x455</size>
         <input_file_ref idref="fl-4"/>
      </object_component>
      <object_component id="oc-51f">
         <name>.debug_info</name>
         <load_address>0x1ba9</load_address>
         <run_address>0x1ba9</run_address>
         <size>0x22d</size>
         <input_file_ref idref="fl-4"/>
      </object_component>
      <object_component id="oc-55f">
         <name>.debug_info</name>
         <load_address>0x1dd6</load_address>
         <run_address>0x1dd6</run_address>
         <size>0x125</size>
         <input_file_ref idref="fl-4"/>
      </object_component>
      <object_component id="oc-565">
         <name>.debug_info</name>
         <load_address>0x1efb</load_address>
         <run_address>0x1efb</run_address>
         <size>0x133</size>
         <input_file_ref idref="fl-4"/>
      </object_component>
      <object_component id="oc-56c">
         <name>.debug_info</name>
         <load_address>0x202e</load_address>
         <run_address>0x202e</run_address>
         <size>0x115</size>
         <input_file_ref idref="fl-5"/>
      </object_component>
      <object_component id="oc-577">
         <name>.debug_info</name>
         <load_address>0x2143</load_address>
         <run_address>0x2143</run_address>
         <size>0x13e</size>
         <input_file_ref idref="fl-6"/>
      </object_component>
      <object_component id="oc-57e">
         <name>.debug_info</name>
         <load_address>0x2281</load_address>
         <run_address>0x2281</run_address>
         <size>0x147</size>
         <input_file_ref idref="fl-7"/>
      </object_component>
      <object_component id="oc-585">
         <name>.debug_info</name>
         <load_address>0x23c8</load_address>
         <run_address>0x23c8</run_address>
         <size>0x12f</size>
         <input_file_ref idref="fl-8"/>
      </object_component>
      <object_component id="oc-49f">
         <name>.debug_info</name>
         <load_address>0x24f7</load_address>
         <run_address>0x24f7</run_address>
         <size>0x139</size>
         <input_file_ref idref="fl-8"/>
      </object_component>
      <object_component id="oc-67">
         <name>.debug_info</name>
         <load_address>0x2630</load_address>
         <run_address>0x2630</run_address>
         <size>0x2ad</size>
         <input_file_ref idref="fl-39"/>
      </object_component>
      <object_component id="oc-53a">
         <name>.debug_info</name>
         <load_address>0x28dd</load_address>
         <run_address>0x28dd</run_address>
         <size>0x46</size>
         <input_file_ref idref="fl-39"/>
      </object_component>
      <object_component id="oc-4ec">
         <name>.debug_info</name>
         <load_address>0x2923</load_address>
         <run_address>0x2923</run_address>
         <size>0x39</size>
         <input_file_ref idref="fl-39"/>
      </object_component>
      <object_component id="oc-481">
         <name>.debug_info</name>
         <load_address>0x295c</load_address>
         <run_address>0x295c</run_address>
         <size>0x60</size>
         <input_file_ref idref="fl-39"/>
      </object_component>
      <object_component id="oc-496">
         <name>.debug_info</name>
         <load_address>0x29bc</load_address>
         <run_address>0x29bc</run_address>
         <size>0x1cf</size>
         <input_file_ref idref="fl-3a"/>
      </object_component>
      <object_component id="oc-6d">
         <name>.debug_info</name>
         <load_address>0x2b8b</load_address>
         <run_address>0x2b8b</run_address>
         <size>0x1e7</size>
         <input_file_ref idref="fl-3a"/>
      </object_component>
      <object_component id="oc-491">
         <name>.debug_info</name>
         <load_address>0x2d72</load_address>
         <run_address>0x2d72</run_address>
         <size>0x46</size>
         <input_file_ref idref="fl-3a"/>
      </object_component>
      <object_component id="oc-499">
         <name>.debug_info</name>
         <load_address>0x2db8</load_address>
         <run_address>0x2db8</run_address>
         <size>0x107</size>
         <input_file_ref idref="fl-3c"/>
      </object_component>
      <object_component id="oc-4b1">
         <name>.debug_info</name>
         <load_address>0x2ebf</load_address>
         <run_address>0x2ebf</run_address>
         <size>0x1c8</size>
         <input_file_ref idref="fl-51"/>
      </object_component>
      <object_component id="oc-512">
         <name>.debug_info</name>
         <load_address>0x3087</load_address>
         <run_address>0x3087</run_address>
         <size>0x46</size>
         <input_file_ref idref="fl-51"/>
      </object_component>
      <object_component id="oc-48c">
         <name>.debug_info</name>
         <load_address>0x30cd</load_address>
         <run_address>0x30cd</run_address>
         <size>0x119</size>
         <input_file_ref idref="fl-52"/>
      </object_component>
      <object_component id="oc-6c1">
         <name>.debug_info</name>
         <load_address>0x31e6</load_address>
         <run_address>0x31e6</run_address>
         <size>0x119</size>
         <input_file_ref idref="fl-55"/>
      </object_component>
      <object_component id="oc-507">
         <name>.debug_info</name>
         <load_address>0x32ff</load_address>
         <run_address>0x32ff</run_address>
         <size>0x11b</size>
         <input_file_ref idref="fl-56"/>
      </object_component>
      <object_component id="oc-682">
         <name>.debug_info</name>
         <load_address>0x341a</load_address>
         <run_address>0x341a</run_address>
         <size>0x128</size>
         <input_file_ref idref="fl-57"/>
      </object_component>
      <object_component id="oc-501">
         <name>.debug_info</name>
         <load_address>0x3542</load_address>
         <run_address>0x3542</run_address>
         <size>0x11e</size>
         <input_file_ref idref="fl-5e"/>
      </object_component>
      <object_component id="oc-47d">
         <name>.debug_info</name>
         <load_address>0x3660</load_address>
         <run_address>0x3660</run_address>
         <size>0xf5</size>
         <input_file_ref idref="fl-5f"/>
      </object_component>
      <object_component id="oc-4c1">
         <name>.debug_info</name>
         <load_address>0x3755</load_address>
         <run_address>0x3755</run_address>
         <size>0x16f</size>
         <input_file_ref idref="fl-5f"/>
      </object_component>
      <object_component id="oc-627">
         <name>.debug_info</name>
         <load_address>0x38c4</load_address>
         <run_address>0x38c4</run_address>
         <size>0x49d</size>
         <input_file_ref idref="fl-62"/>
      </object_component>
      <object_component id="oc-5c2">
         <name>.debug_info</name>
         <load_address>0x3d61</load_address>
         <run_address>0x3d61</run_address>
         <size>0x20b</size>
         <input_file_ref idref="fl-62"/>
      </object_component>
      <object_component id="oc-677">
         <name>.debug_info</name>
         <load_address>0x3f6c</load_address>
         <run_address>0x3f6c</run_address>
         <size>0x39</size>
         <input_file_ref idref="fl-62"/>
      </object_component>
      <object_component id="oc-688">
         <name>.debug_info</name>
         <load_address>0x3fa5</load_address>
         <run_address>0x3fa5</run_address>
         <size>0x2c</size>
         <input_file_ref idref="fl-62"/>
      </object_component>
      <object_component id="oc-632">
         <name>.debug_info</name>
         <load_address>0x3fd1</load_address>
         <run_address>0x3fd1</run_address>
         <size>0x2c</size>
         <input_file_ref idref="fl-62"/>
      </object_component>
      <object_component id="oc-67c">
         <name>.debug_info</name>
         <load_address>0x3ffd</load_address>
         <run_address>0x3ffd</run_address>
         <size>0xcd</size>
         <input_file_ref idref="fl-62"/>
      </object_component>
      <object_component id="oc-621">
         <name>.debug_info</name>
         <load_address>0x40ca</load_address>
         <run_address>0x40ca</run_address>
         <size>0x145</size>
         <input_file_ref idref="fl-63"/>
      </object_component>
      <object_component id="oc-51a">
         <name>.debug_info</name>
         <load_address>0x420f</load_address>
         <run_address>0x420f</run_address>
         <size>0x148</size>
         <input_file_ref idref="fl-64"/>
      </object_component>
      <object_component id="oc-5e2">
         <name>.debug_info</name>
         <load_address>0x4357</load_address>
         <run_address>0x4357</run_address>
         <size>0x2c</size>
         <input_file_ref idref="fl-65"/>
      </object_component>
      <object_component id="oc-59e">
         <name>.debug_info</name>
         <load_address>0x4383</load_address>
         <run_address>0x4383</run_address>
         <size>0x117</size>
         <input_file_ref idref="fl-67"/>
      </object_component>
      <object_component id="oc-5e1">
         <name>.debug_info</name>
         <load_address>0x449a</load_address>
         <run_address>0x449a</run_address>
         <size>0x176</size>
         <input_file_ref idref="fl-6a"/>
      </object_component>
      <object_component id="oc-549">
         <name>.debug_info</name>
         <load_address>0x4610</load_address>
         <run_address>0x4610</run_address>
         <size>0x16f</size>
         <input_file_ref idref="fl-6a"/>
      </object_component>
      <object_component id="oc-60b">
         <name>.debug_info</name>
         <load_address>0x477f</load_address>
         <run_address>0x477f</run_address>
         <size>0x200</size>
         <input_file_ref idref="fl-6b"/>
      </object_component>
      <object_component id="oc-596">
         <name>.debug_info</name>
         <load_address>0x497f</load_address>
         <run_address>0x497f</run_address>
         <size>0x1b7</size>
         <input_file_ref idref="fl-6b"/>
      </object_component>
      <object_component id="oc-5f9">
         <name>.debug_info</name>
         <load_address>0x4b36</load_address>
         <run_address>0x4b36</run_address>
         <size>0x18d</size>
         <input_file_ref idref="fl-6b"/>
      </object_component>
      <object_component id="oc-5ff">
         <name>.debug_info</name>
         <load_address>0x4cc3</load_address>
         <run_address>0x4cc3</run_address>
         <size>0x162</size>
         <input_file_ref idref="fl-6b"/>
      </object_component>
      <object_component id="oc-6a5">
         <name>.debug_info</name>
         <load_address>0x4e25</load_address>
         <run_address>0x4e25</run_address>
         <size>0x2c</size>
         <input_file_ref idref="fl-6b"/>
      </object_component>
      <object_component id="oc-653">
         <name>.debug_info</name>
         <load_address>0x4e51</load_address>
         <run_address>0x4e51</run_address>
         <size>0x392</size>
         <input_file_ref idref="fl-6c"/>
      </object_component>
      <object_component id="oc-69a">
         <name>.debug_info</name>
         <load_address>0x51e3</load_address>
         <run_address>0x51e3</run_address>
         <size>0x290</size>
         <input_file_ref idref="fl-6c"/>
      </object_component>
      <object_component id="oc-650">
         <name>.debug_info</name>
         <load_address>0x5473</load_address>
         <run_address>0x5473</run_address>
         <size>0x284</size>
         <input_file_ref idref="fl-6c"/>
      </object_component>
      <object_component id="oc-608">
         <name>.debug_info</name>
         <load_address>0x56f7</load_address>
         <run_address>0x56f7</run_address>
         <size>0x2fd</size>
         <input_file_ref idref="fl-6c"/>
      </object_component>
      <object_component id="oc-659">
         <name>.debug_info</name>
         <load_address>0x59f4</load_address>
         <run_address>0x59f4</run_address>
         <size>0x86</size>
         <input_file_ref idref="fl-6c"/>
      </object_component>
      <object_component id="oc-6aa">
         <name>.debug_info</name>
         <load_address>0x5a7a</load_address>
         <run_address>0x5a7a</run_address>
         <size>0x39</size>
         <input_file_ref idref="fl-6c"/>
      </object_component>
      <object_component id="oc-6c7">
         <name>.debug_info</name>
         <load_address>0x5ab3</load_address>
         <run_address>0x5ab3</run_address>
         <size>0x163</size>
         <input_file_ref idref="fl-6e"/>
      </object_component>
      <object_component id="oc-6a0">
         <name>.debug_info</name>
         <load_address>0x5c16</load_address>
         <run_address>0x5c16</run_address>
         <size>0x1ab</size>
         <input_file_ref idref="fl-6e"/>
      </object_component>
      <object_component id="oc-6bf">
         <name>.debug_info</name>
         <load_address>0x5dc1</load_address>
         <run_address>0x5dc1</run_address>
         <size>0x162</size>
         <input_file_ref idref="fl-6f"/>
      </object_component>
      <object_component id="oc-690">
         <name>.debug_info</name>
         <load_address>0x5f23</load_address>
         <run_address>0x5f23</run_address>
         <size>0x25a</size>
         <input_file_ref idref="fl-6f"/>
      </object_component>
      <object_component id="oc-68e">
         <name>.debug_info</name>
         <load_address>0x617d</load_address>
         <run_address>0x617d</run_address>
         <size>0x157</size>
         <input_file_ref idref="fl-70"/>
      </object_component>
      <object_component id="oc-647">
         <name>.debug_info</name>
         <load_address>0x62d4</load_address>
         <run_address>0x62d4</run_address>
         <size>0x215</size>
         <input_file_ref idref="fl-70"/>
      </object_component>
      <object_component id="oc-732">
         <name>.debug_info</name>
         <load_address>0x64e9</load_address>
         <run_address>0x64e9</run_address>
         <size>0xaa</size>
      </object_component>
      <object_component id="oc-550">
         <name>.debug_line</name>
         <load_address>0x0</load_address>
         <run_address>0x0</run_address>
         <size>0x6b</size>
         <input_file_ref idref="fl-2"/>
      </object_component>
      <object_component id="oc-58c">
         <name>.debug_line</name>
         <load_address>0x6b</load_address>
         <run_address>0x6b</run_address>
         <size>0x4e</size>
         <input_file_ref idref="fl-2"/>
      </object_component>
      <object_component id="oc-571">
         <name>.debug_line</name>
         <load_address>0xb9</load_address>
         <run_address>0xb9</run_address>
         <size>0x4b</size>
         <input_file_ref idref="fl-2"/>
      </object_component>
      <object_component id="oc-4a3">
         <name>.debug_line</name>
         <load_address>0x104</load_address>
         <run_address>0x104</run_address>
         <size>0x49</size>
         <input_file_ref idref="fl-2"/>
      </object_component>
      <object_component id="oc-4ac">
         <name>.debug_line</name>
         <load_address>0x14d</load_address>
         <run_address>0x14d</run_address>
         <size>0x4f</size>
         <input_file_ref idref="fl-2"/>
      </object_component>
      <object_component id="oc-554">
         <name>.debug_line</name>
         <load_address>0x19c</load_address>
         <run_address>0x19c</run_address>
         <size>0x6c</size>
         <input_file_ref idref="fl-2"/>
      </object_component>
      <object_component id="oc-489">
         <name>.debug_line</name>
         <load_address>0x208</load_address>
         <run_address>0x208</run_address>
         <size>0x20</size>
         <input_file_ref idref="fl-2"/>
      </object_component>
      <object_component id="oc-55b">
         <name>.debug_line</name>
         <load_address>0x228</load_address>
         <run_address>0x228</run_address>
         <size>0x70</size>
         <input_file_ref idref="fl-2"/>
      </object_component>
      <object_component id="oc-50f">
         <name>.debug_line</name>
         <load_address>0x298</load_address>
         <run_address>0x298</run_address>
         <size>0x6d</size>
         <input_file_ref idref="fl-2"/>
      </object_component>
      <object_component id="oc-657">
         <name>.debug_line</name>
         <load_address>0x305</load_address>
         <run_address>0x305</run_address>
         <size>0x68</size>
         <input_file_ref idref="fl-2"/>
      </object_component>
      <object_component id="oc-5e8">
         <name>.debug_line</name>
         <load_address>0x36d</load_address>
         <run_address>0x36d</run_address>
         <size>0x56</size>
         <input_file_ref idref="fl-3"/>
      </object_component>
      <object_component id="oc-5dd">
         <name>.debug_line</name>
         <load_address>0x3c3</load_address>
         <run_address>0x3c3</run_address>
         <size>0x30</size>
         <input_file_ref idref="fl-3"/>
      </object_component>
      <object_component id="oc-5df">
         <name>.debug_line</name>
         <load_address>0x3f3</load_address>
         <run_address>0x3f3</run_address>
         <size>0x30</size>
         <input_file_ref idref="fl-3"/>
      </object_component>
      <object_component id="oc-4f9">
         <name>.debug_line</name>
         <load_address>0x423</load_address>
         <run_address>0x423</run_address>
         <size>0xea</size>
         <input_file_ref idref="fl-3"/>
      </object_component>
      <object_component id="oc-590">
         <name>.debug_line</name>
         <load_address>0x50d</load_address>
         <run_address>0x50d</run_address>
         <size>0x7b</size>
         <input_file_ref idref="fl-3"/>
      </object_component>
      <object_component id="oc-5f3">
         <name>.debug_line</name>
         <load_address>0x588</load_address>
         <run_address>0x588</run_address>
         <size>0x52</size>
         <input_file_ref idref="fl-3"/>
      </object_component>
      <object_component id="oc-60d">
         <name>.debug_line</name>
         <load_address>0x5da</load_address>
         <run_address>0x5da</run_address>
         <size>0xc1</size>
         <input_file_ref idref="fl-4"/>
      </object_component>
      <object_component id="oc-523">
         <name>.debug_line</name>
         <load_address>0x69b</load_address>
         <run_address>0x69b</run_address>
         <size>0x6e</size>
         <input_file_ref idref="fl-4"/>
      </object_component>
      <object_component id="oc-563">
         <name>.debug_line</name>
         <load_address>0x709</load_address>
         <run_address>0x709</run_address>
         <size>0x5c</size>
         <input_file_ref idref="fl-4"/>
      </object_component>
      <object_component id="oc-569">
         <name>.debug_line</name>
         <load_address>0x765</load_address>
         <run_address>0x765</run_address>
         <size>0x4a</size>
         <input_file_ref idref="fl-4"/>
      </object_component>
      <object_component id="oc-56f">
         <name>.debug_line</name>
         <load_address>0x7af</load_address>
         <run_address>0x7af</run_address>
         <size>0x41</size>
         <input_file_ref idref="fl-5"/>
      </object_component>
      <object_component id="oc-57b">
         <name>.debug_line</name>
         <load_address>0x7f0</load_address>
         <run_address>0x7f0</run_address>
         <size>0x54</size>
         <input_file_ref idref="fl-6"/>
      </object_component>
      <object_component id="oc-57d">
         <name>.debug_line</name>
         <load_address>0x844</load_address>
         <run_address>0x844</run_address>
         <size>0x56</size>
         <input_file_ref idref="fl-7"/>
      </object_component>
      <object_component id="oc-584">
         <name>.debug_line</name>
         <load_address>0x89a</load_address>
         <run_address>0x89a</run_address>
         <size>0x4b</size>
         <input_file_ref idref="fl-8"/>
      </object_component>
      <object_component id="oc-49e">
         <name>.debug_line</name>
         <load_address>0x8e5</load_address>
         <run_address>0x8e5</run_address>
         <size>0x4d</size>
         <input_file_ref idref="fl-8"/>
      </object_component>
      <object_component id="oc-6a">
         <name>.debug_line</name>
         <load_address>0x932</load_address>
         <run_address>0x932</run_address>
         <size>0x9d</size>
         <input_file_ref idref="fl-39"/>
      </object_component>
      <object_component id="oc-53d">
         <name>.debug_line</name>
         <load_address>0x9cf</load_address>
         <run_address>0x9cf</run_address>
         <size>0x92</size>
         <input_file_ref idref="fl-39"/>
      </object_component>
      <object_component id="oc-4ef">
         <name>.debug_line</name>
         <load_address>0xa61</load_address>
         <run_address>0xa61</run_address>
         <size>0x8e</size>
         <input_file_ref idref="fl-39"/>
      </object_component>
      <object_component id="oc-484">
         <name>.debug_line</name>
         <load_address>0xaef</load_address>
         <run_address>0xaef</run_address>
         <size>0x3a</size>
         <input_file_ref idref="fl-39"/>
      </object_component>
      <object_component id="oc-4f3">
         <name>.debug_line</name>
         <load_address>0xb29</load_address>
         <run_address>0xb29</run_address>
         <size>0x3a</size>
         <input_file_ref idref="fl-3a"/>
      </object_component>
      <object_component id="oc-70">
         <name>.debug_line</name>
         <load_address>0xb63</load_address>
         <run_address>0xb63</run_address>
         <size>0x50</size>
         <input_file_ref idref="fl-3a"/>
      </object_component>
      <object_component id="oc-494">
         <name>.debug_line</name>
         <load_address>0xbb3</load_address>
         <run_address>0xbb3</run_address>
         <size>0x3a</size>
         <input_file_ref idref="fl-3a"/>
      </object_component>
      <object_component id="oc-498">
         <name>.debug_line</name>
         <load_address>0xbed</load_address>
         <run_address>0xbed</run_address>
         <size>0x3d</size>
         <input_file_ref idref="fl-3c"/>
      </object_component>
      <object_component id="oc-4af">
         <name>.debug_line</name>
         <load_address>0xc2a</load_address>
         <run_address>0xc2a</run_address>
         <size>0x53</size>
         <input_file_ref idref="fl-51"/>
      </object_component>
      <object_component id="oc-515">
         <name>.debug_line</name>
         <load_address>0xc7d</load_address>
         <run_address>0xc7d</run_address>
         <size>0x34</size>
         <input_file_ref idref="fl-51"/>
      </object_component>
      <object_component id="oc-48f">
         <name>.debug_line</name>
         <load_address>0xcb1</load_address>
         <run_address>0xcb1</run_address>
         <size>0x52</size>
         <input_file_ref idref="fl-52"/>
      </object_component>
      <object_component id="oc-6c4">
         <name>.debug_line</name>
         <load_address>0xd03</load_address>
         <run_address>0xd03</run_address>
         <size>0x43</size>
         <input_file_ref idref="fl-55"/>
      </object_component>
      <object_component id="oc-509">
         <name>.debug_line</name>
         <load_address>0xd46</load_address>
         <run_address>0xd46</run_address>
         <size>0x64</size>
         <input_file_ref idref="fl-56"/>
      </object_component>
      <object_component id="oc-685">
         <name>.debug_line</name>
         <load_address>0xdaa</load_address>
         <run_address>0xdaa</run_address>
         <size>0x46</size>
         <input_file_ref idref="fl-57"/>
      </object_component>
      <object_component id="oc-504">
         <name>.debug_line</name>
         <load_address>0xdf0</load_address>
         <run_address>0xdf0</run_address>
         <size>0x56</size>
         <input_file_ref idref="fl-5e"/>
      </object_component>
      <object_component id="oc-4eb">
         <name>.debug_line</name>
         <load_address>0xe46</load_address>
         <run_address>0xe46</run_address>
         <size>0x2a</size>
         <input_file_ref idref="fl-5f"/>
      </object_component>
      <object_component id="oc-4c5">
         <name>.debug_line</name>
         <load_address>0xe70</load_address>
         <run_address>0xe70</run_address>
         <size>0x46</size>
         <input_file_ref idref="fl-5f"/>
      </object_component>
      <object_component id="oc-676">
         <name>.debug_line</name>
         <load_address>0xeb6</load_address>
         <run_address>0xeb6</run_address>
         <size>0xb7</size>
         <input_file_ref idref="fl-62"/>
      </object_component>
      <object_component id="oc-5c5">
         <name>.debug_line</name>
         <load_address>0xf6d</load_address>
         <run_address>0xf6d</run_address>
         <size>0x83</size>
         <input_file_ref idref="fl-62"/>
      </object_component>
      <object_component id="oc-67a">
         <name>.debug_line</name>
         <load_address>0xff0</load_address>
         <run_address>0xff0</run_address>
         <size>0x2e</size>
         <input_file_ref idref="fl-62"/>
      </object_component>
      <object_component id="oc-68b">
         <name>.debug_line</name>
         <load_address>0x101e</load_address>
         <run_address>0x101e</run_address>
         <size>0x92</size>
         <input_file_ref idref="fl-62"/>
      </object_component>
      <object_component id="oc-635">
         <name>.debug_line</name>
         <load_address>0x10b0</load_address>
         <run_address>0x10b0</run_address>
         <size>0x8f</size>
         <input_file_ref idref="fl-62"/>
      </object_component>
      <object_component id="oc-67f">
         <name>.debug_line</name>
         <load_address>0x113f</load_address>
         <run_address>0x113f</run_address>
         <size>0x8b</size>
         <input_file_ref idref="fl-62"/>
      </object_component>
      <object_component id="oc-625">
         <name>.debug_line</name>
         <load_address>0x11ca</load_address>
         <run_address>0x11ca</run_address>
         <size>0x3a</size>
         <input_file_ref idref="fl-63"/>
      </object_component>
      <object_component id="oc-51d">
         <name>.debug_line</name>
         <load_address>0x1204</load_address>
         <run_address>0x1204</run_address>
         <size>0x3e</size>
         <input_file_ref idref="fl-64"/>
      </object_component>
      <object_component id="oc-5e5">
         <name>.debug_line</name>
         <load_address>0x1242</load_address>
         <run_address>0x1242</run_address>
         <size>0x8a</size>
         <input_file_ref idref="fl-65"/>
      </object_component>
      <object_component id="oc-5a2">
         <name>.debug_line</name>
         <load_address>0x12cc</load_address>
         <run_address>0x12cc</run_address>
         <size>0x3d</size>
         <input_file_ref idref="fl-67"/>
      </object_component>
      <object_component id="oc-642">
         <name>.debug_line</name>
         <load_address>0x1309</load_address>
         <run_address>0x1309</run_address>
         <size>0x20</size>
         <input_file_ref idref="fl-6a"/>
      </object_component>
      <object_component id="oc-54c">
         <name>.debug_line</name>
         <load_address>0x1329</load_address>
         <run_address>0x1329</run_address>
         <size>0x42</size>
         <input_file_ref idref="fl-6a"/>
      </object_component>
      <object_component id="oc-65f">
         <name>.debug_line</name>
         <load_address>0x136b</load_address>
         <run_address>0x136b</run_address>
         <size>0x2d</size>
         <input_file_ref idref="fl-6b"/>
      </object_component>
      <object_component id="oc-59a">
         <name>.debug_line</name>
         <load_address>0x1398</load_address>
         <run_address>0x1398</run_address>
         <size>0x47</size>
         <input_file_ref idref="fl-6b"/>
      </object_component>
      <object_component id="oc-5fc">
         <name>.debug_line</name>
         <load_address>0x13df</load_address>
         <run_address>0x13df</run_address>
         <size>0x42</size>
         <input_file_ref idref="fl-6b"/>
      </object_component>
      <object_component id="oc-602">
         <name>.debug_line</name>
         <load_address>0x1421</load_address>
         <run_address>0x1421</run_address>
         <size>0x3d</size>
         <input_file_ref idref="fl-6b"/>
      </object_component>
      <object_component id="oc-6a8">
         <name>.debug_line</name>
         <load_address>0x145e</load_address>
         <run_address>0x145e</run_address>
         <size>0x89</size>
         <input_file_ref idref="fl-6b"/>
      </object_component>
      <object_component id="oc-6a4">
         <name>.debug_line</name>
         <load_address>0x14e7</load_address>
         <run_address>0x14e7</run_address>
         <size>0x98</size>
         <input_file_ref idref="fl-6c"/>
      </object_component>
      <object_component id="oc-699">
         <name>.debug_line</name>
         <load_address>0x157f</load_address>
         <run_address>0x157f</run_address>
         <size>0x11e</size>
         <input_file_ref idref="fl-6c"/>
      </object_component>
      <object_component id="oc-64f">
         <name>.debug_line</name>
         <load_address>0x169d</load_address>
         <run_address>0x169d</run_address>
         <size>0x97</size>
         <input_file_ref idref="fl-6c"/>
      </object_component>
      <object_component id="oc-607">
         <name>.debug_line</name>
         <load_address>0x1734</load_address>
         <run_address>0x1734</run_address>
         <size>0xa1</size>
         <input_file_ref idref="fl-6c"/>
      </object_component>
      <object_component id="oc-65c">
         <name>.debug_line</name>
         <load_address>0x17d5</load_address>
         <run_address>0x17d5</run_address>
         <size>0x8a</size>
         <input_file_ref idref="fl-6c"/>
      </object_component>
      <object_component id="oc-6ad">
         <name>.debug_line</name>
         <load_address>0x185f</load_address>
         <run_address>0x185f</run_address>
         <size>0x2e</size>
         <input_file_ref idref="fl-6c"/>
      </object_component>
      <object_component id="oc-6cc">
         <name>.debug_line</name>
         <load_address>0x188d</load_address>
         <run_address>0x188d</run_address>
         <size>0x20</size>
         <input_file_ref idref="fl-6e"/>
      </object_component>
      <object_component id="oc-69f">
         <name>.debug_line</name>
         <load_address>0x18ad</load_address>
         <run_address>0x18ad</run_address>
         <size>0x48</size>
         <input_file_ref idref="fl-6e"/>
      </object_component>
      <object_component id="oc-6c9">
         <name>.debug_line</name>
         <load_address>0x18f5</load_address>
         <run_address>0x18f5</run_address>
         <size>0x20</size>
         <input_file_ref idref="fl-6f"/>
      </object_component>
      <object_component id="oc-694">
         <name>.debug_line</name>
         <load_address>0x1915</load_address>
         <run_address>0x1915</run_address>
         <size>0xa6</size>
         <input_file_ref idref="fl-6f"/>
      </object_component>
      <object_component id="oc-6bd">
         <name>.debug_line</name>
         <load_address>0x19bb</load_address>
         <run_address>0x19bb</run_address>
         <size>0x20</size>
         <input_file_ref idref="fl-70"/>
      </object_component>
      <object_component id="oc-64a">
         <name>.debug_line</name>
         <load_address>0x19db</load_address>
         <run_address>0x19db</run_address>
         <size>0xa4</size>
         <input_file_ref idref="fl-70"/>
      </object_component>
      <object_component id="oc-58d">
         <name>.debug_frame</name>
         <load_address>0x0</load_address>
         <run_address>0x0</run_address>
         <size>0x3c</size>
         <input_file_ref idref="fl-2"/>
      </object_component>
      <object_component id="oc-575">
         <name>.debug_frame</name>
         <load_address>0x3c</load_address>
         <run_address>0x3c</run_address>
         <size>0x3c</size>
         <input_file_ref idref="fl-2"/>
      </object_component>
      <object_component id="oc-4a7">
         <name>.debug_frame</name>
         <load_address>0x78</load_address>
         <run_address>0x78</run_address>
         <size>0x3c</size>
         <input_file_ref idref="fl-2"/>
      </object_component>
      <object_component id="oc-4ad">
         <name>.debug_frame</name>
         <load_address>0xb4</load_address>
         <run_address>0xb4</run_address>
         <size>0x50</size>
         <input_file_ref idref="fl-2"/>
      </object_component>
      <object_component id="oc-4fa">
         <name>.debug_frame</name>
         <load_address>0x104</load_address>
         <run_address>0x104</run_address>
         <size>0x40</size>
         <input_file_ref idref="fl-3"/>
      </object_component>
      <object_component id="oc-594">
         <name>.debug_frame</name>
         <load_address>0x144</load_address>
         <run_address>0x144</run_address>
         <size>0x40</size>
         <input_file_ref idref="fl-3"/>
      </object_component>
      <object_component id="oc-5f4">
         <name>.debug_frame</name>
         <load_address>0x184</load_address>
         <run_address>0x184</run_address>
         <size>0x40</size>
         <input_file_ref idref="fl-3"/>
      </object_component>
      <object_component id="oc-522">
         <name>.debug_frame</name>
         <load_address>0x1c4</load_address>
         <run_address>0x1c4</run_address>
         <size>0x3c</size>
         <input_file_ref idref="fl-4"/>
      </object_component>
      <object_component id="oc-562">
         <name>.debug_frame</name>
         <load_address>0x200</load_address>
         <run_address>0x200</run_address>
         <size>0x3c</size>
         <input_file_ref idref="fl-4"/>
[...]
         <value>0x5c0</value>
      </symbol>
      <symbol id="sm-3bd">
         <name>UCB1CTLW0_L</name>
         <value>0x5c0</value>
      </symbol>
      <symbol id="sm-3be">
         <name>UCB1CTLW0_H</name>
         <value>0x5c1</value>
      </symbol>
      <symbol id="sm-3bf">
         <name>UCB1CTLW1</name>
         <value>0x5c2</value>
      </symbol>
      <symbol id="sm-3c0">
         <name>UCB1CTLW1_L</name>
         <value>0x5c2</value>
      </symbol>
      <symbol id="sm-3c1">
         <name>UCB1CTLW1_H</name>
         <value>0x5c3</value>
      </symbol>
      <symbol id="sm-3c2">
         <name>UCB1BRW</name>
         <value>0x5c6</value>
      </symbol>
      <symbol id="sm-3c3">
         <name>UCB1BRW_L</name>
         <value>0x5c6</value>
      </symbol>
      <symbol id="sm-3c4">
         <name>UCB1BRW_H</name>
         <value>0x5c7</value>
      </symbol>
      <symbol id="sm-3c5">
         <name>UCB1STATW</name>
         <value>0x5c8</value>
      </symbol>
      <symbol id="sm-3c6">
         <name>UCB1STATW_L</name>
         <value>0x5c8</value>
      </symbol>
      <symbol id="sm-3c7">
         <name>UCB1STATW_H</name>
         <value>0x5c9</value>
      </symbol>
      <symbol id="sm-3c8">
         <name>UCB1TBCNT</name>
         <value>0x5ca</value>
      </symbol>
      <symbol id="sm-3c9">
         <name>UCB1TBCNT_L</name>
         <value>0x5ca</value>
      </symbol>
      <symbol id="sm-3ca">
         <name>UCB1TBCNT_H</name>
         <value>0x5cb</value>
      </symbol>
      <symbol id="sm-3cb">
         <name>UCB1RXBUF</name>
         <value>0x5cc</value>
      </symbol>
      <symbol id="sm-3cc">
         <name>UCB1RXBUF_L</name>
         <value>0x5cc</value>
      </symbol>
      <symbol id="sm-3cd">
         <name>UCB1RXBUF_H</name>
         <value>0x5cd</value>
      </symbol>
      <symbol id="sm-3ce">
         <name>UCB1TXBUF</name>
         <value>0x5ce</value>
      </symbol>
      <symbol id="sm-3cf">
         <name>UCB1TXBUF_L</name>
         <value>0x5ce</value>
      </symbol>
      <symbol id="sm-3d0">
         <name>UCB1TXBUF_H</name>
         <value>0x5cf</value>
      </symbol>
      <symbol id="sm-3d1">
         <name>UCB1I2COA0</name>
         <value>0x5d4</value>
      </symbol>
      <symbol id="sm-3d2">
         <name>UCB1I2COA0_L</name>
         <value>0x5d4</value>
      </symbol>
      <symbol id="sm-3d3">
         <name>UCB1I2COA0_H</name>
         <value>0x5d5</value>
      </symbol>
      <symbol id="sm-3d4">
         <name>UCB1I2COA1</name>
         <value>0x5d6</value>
      </symbol>
      <symbol id="sm-3d5">
         <name>UCB1I2COA1_L</name>
         <value>0x5d6</value>
      </symbol>
      <symbol id="sm-3d6">
         <name>UCB1I2COA1_H</name>
         <value>0x5d7</value>
      </symbol>
      <symbol id="sm-3d7">
         <name>UCB1I2COA2</name>
         <value>0x5d8</value>
      </symbol>
      <symbol id="sm-3d8">
         <name>UCB1I2COA2_L</name>
         <value>0x5d8</value>
      </symbol>
      <symbol id="sm-3d9">
         <name>UCB1I2COA2_H</name>
         <value>0x5d9</value>
      </symbol>
      <symbol id="sm-3da">
         <name>UCB1I2COA3</name>
         <value>0x5da</value>
      </symbol>
      <symbol id="sm-3db">
         <name>UCB1I2COA3_L</name>
         <value>0x5da</value>
      </symbol>
      <symbol id="sm-3dc">
         <name>UCB1I2COA3_H</name>
         <value>0x5db</value>
      </symbol>
      <symbol id="sm-3dd">
         <name>UCB1ADDRX</name>
         <value>0x5dc</value>
      </symbol>
      <symbol id="sm-3de">
         <name>UCB1ADDRX_L</name>
         <value>0x5dc</value>
      </symbol>
      <symbol id="sm-3df">
         <name>UCB1ADDRX_H</name>
         <value>0x5dd</value>
      </symbol>
      <symbol id="sm-3e0">
         <name>UCB1ADDMASK</name>
         <value>0x5de</value>
      </symbol>
      <symbol id="sm-3e1">
         <name>UCB1ADDMASK_L</name>
         <value>0x5de</value>
      </symbol>
      <symbol id="sm-3e2">
         <name>UCB1ADDMASK_H</name>
         <value>0x5df</value>
      </symbol>
      <symbol id="sm-3e3">
         <name>UCB1I2CSA</name>
         <value>0x5e0</value>
      </symbol>
      <symbol id="sm-3e4">
         <name>UCB1I2CSA_L</name>
         <value>0x5e0</value>
      </symbol>
      <symbol id="sm-3e5">
         <name>UCB1I2CSA_H</name>
         <value>0x5e1</value>
      </symbol>
      <symbol id="sm-3e6">
         <name>UCB1IE</name>
         <value>0x5ea</value>
      </symbol>
      <symbol id="sm-3e7">
         <name>UCB1IE_L</name>
         <value>0x5ea</value>
      </symbol>
      <symbol id="sm-3e8">
         <name>UCB1IE_H</name>
         <value>0x5eb</value>
      </symbol>
      <symbol id="sm-3e9">
         <name>UCB1IFG</name>
         <value>0x5ec</value>
      </symbol>
      <symbol id="sm-3ea">
         <name>UCB1IFG_L</name>
         <value>0x5ec</value>
      </symbol>
      <symbol id="sm-3eb">
         <name>UCB1IFG_H</name>
         <value>0x5ed</value>
      </symbol>
      <symbol id="sm-3ec">
         <name>UCB1IV</name>
         <value>0x5ee</value>
      </symbol>
      <symbol id="sm-3ed">
         <name>UCB1IV_L</name>
         <value>0x5ee</value>
      </symbol>
      <symbol id="sm-3ee">
         <name>UCB1IV_H</name>
         <value>0x5ef</value>
      </symbol>
      <symbol id="sm-3ef">
         <name>fram_rw_start</name>
         <value>0x8000</value>
      </symbol>
      <symbol id="sm-3f0">
         <name>fram_rx_start</name>
         <value>0x8000</value>
      </symbol>
      <symbol id="sm-3f1">
         <name>__TI_CINIT_Base</name>
         <value>0x801a</value>
      </symbol>
      <symbol id="sm-3f2">
         <name>__TI_CINIT_Limit</name>
         <value>0x802a</value>
      </symbol>
      <symbol id="sm-3f3">
         <name>__TI_Handler_Table_Base</name>
         <value>0x8000</value>
      </symbol>
      <symbol id="sm-3f4">
         <name>__TI_Handler_Table_Limit</name>
         <value>0x800c</value>
      </symbol>
      <symbol id="sm-3f5">
         <name>__STACK_SIZE</name>
         <value>0xa0</value>
      </symbol>
      <symbol id="sm-3f6">
         <name>__STACK_END</name>
         <value>0x3000</value>
      </symbol>
      <symbol id="sm-3f7">
         <name>__c_args__</name>
         <value>0xffffffff</value>
      </symbol>
      <symbol id="sm-3f8">
         <name>__TI_pprof_out_hndl</name>
         <value>0xffffffff</value>
      </symbol>
      <symbol id="sm-3f9">
         <name>__TI_prof_data_start</name>
         <value>0xffffffff</value>
      </symbol>
      <symbol id="sm-3fa">
         <name>__TI_prof_data_size</name>
         <value>0xffffffff</value>
      </symbol>
      <symbol id="sm-486">
         <name>overflowCount</name>
         <value>0x2022</value>
      </symbol>
      <symbol id="sm-487">
         <name>frequency</name>
         <value>0x2020</value>
      </symbol>
      <symbol id="sm-488">
         <name>Timer1_B3</name>
         <value>0x8b14</value>
         <object_component_ref idref="oc-4a2"/>
      </symbol>
      <symbol id="sm-489">
         <name>__TI_int43</name>
         <value>0xfff8</value>
         <object_component_ref idref="oc-87"/>
      </symbol>
      <symbol id="sm-48a">
         <name>__TI_int40</name>
         <value>0xfff2</value>
         <object_component_ref idref="oc-84"/>
      </symbol>
      <symbol id="sm-48b">
         <name>measure_freq</name>
         <value>0x895c</value>
         <object_component_ref idref="oc-588"/>
      </symbol>
      <symbol id="sm-48c">
         <name>Timer0_B3</name>
         <value>0x8a96</value>
         <object_component_ref idref="oc-4a8"/>
      </symbol>
      <symbol id="sm-48d">
         <name>initialize_freq_counter</name>
         <value>0x8a24</value>
         <object_component_ref idref="oc-570"/>
      </symbol>
      <symbol id="sm-4d2">
         <name>hd44780_timer_isr</name>
         <value>0x804c</value>
         <object_component_ref idref="oc-4f5"/>
      </symbol>
      <symbol id="sm-4d3">
         <name>hd44780_clear_screen</name>
         <value>0x8936</value>
         <object_component_ref idref="oc-5ef"/>
      </symbol>
      <symbol id="sm-4d4">
         <name>hd44780_write_string</name>
         <value>0x8564</value>
         <object_component_ref idref="oc-58f"/>
      </symbol>
      <symbol id="sm-4f6">
         <name>clock_configure</name>
         <value>0x8770</value>
         <object_component_ref idref="oc-55e"/>
      </symbol>
      <symbol id="sm-4f7">
         <name>main</name>
         <value>0x8610</value>
         <object_component_ref idref="oc-51e"/>
      </symbol>
      <symbol id="sm-4f8">
         <name>initialize_unused_pins</name>
         <value>0x8a7e</value>
         <object_component_ref idref="oc-564"/>
      </symbol>
      <symbol id="sm-501">
         <name>initialize_relay</name>
         <value>0x8a90</value>
         <object_component_ref idref="oc-56a"/>
      </symbol>
      <symbol id="sm-50a">
         <name>initialize_spi</name>
         <value>0x89a6</value>
         <object_component_ref idref="oc-576"/>
      </symbol>
      <symbol id="sm-513">
         <name>initialize_stepper_control</name>
         <value>0x87c2</value>
         <object_component_ref idref="oc-57c"/>
      </symbol>
      <symbol id="sm-527">
         <name>timer_3_b1_isr</name>
         <value>0x8ada</value>
         <object_component_ref idref="oc-49c"/>
      </symbol>
      <symbol id="sm-528">
         <name>__TI_int36</name>
         <value>0xffea</value>
         <object_component_ref idref="oc-80"/>
      </symbol>
      <symbol id="sm-529">
         <name>lcd_init</name>
         <value>0x8982</value>
         <object_component_ref idref="oc-582"/>
      </symbol>
      <symbol id="sm-560">
         <name>__TI_decompress_lzss</name>
         <value>0x82ce</value>
         <object_component_ref idref="oc-66"/>
      </symbol>
      <symbol id="sm-571">
         <name>__TI_decompress_none</name>
         <value>0x88c2</value>
         <object_component_ref idref="oc-6c"/>
      </symbol>
      <symbol id="sm-574">
         <name>__TI_int22</name>
         <value>0xffce</value>
         <object_component_ref idref="oc-72"/>
      </symbol>
      <symbol id="sm-57c">
         <name>__TI_ISR_TRAP</name>
         <value>0x8b1e</value>
         <object_component_ref idref="oc-497"/>
      </symbol>
      <symbol id="sm-57f">
         <name>__TI_int23</name>
         <value>0xffd0</value>
         <object_component_ref idref="oc-73"/>
      </symbol>
      <symbol id="sm-582">
         <name>__TI_int24</name>
         <value>0xffd2</value>
         <object_component_ref idref="oc-74"/>
      </symbol>
      <symbol id="sm-585">
         <name>__TI_int25</name>
         <value>0xffd4</value>
         <object_component_ref idref="oc-75"/>
      </symbol>
      <symbol id="sm-588">
         <name>__TI_int26</name>
         <value>0xffd6</value>
         <object_component_ref idref="oc-76"/>
      </symbol>
      <symbol id="sm-58b">
         <name>__TI_int27</name>
         <value>0xffd8</value>
         <object_component_ref idref="oc-77"/>
      </symbol>
      <symbol id="sm-58e">
         <name>__TI_int28</name>
         <value>0xffda</value>
         <object_component_ref idref="oc-78"/>
      </symbol>
      <symbol id="sm-591">
         <name>__TI_int29</name>
         <value>0xffdc</value>
         <object_component_ref idref="oc-79"/>
      </symbol>
      <symbol id="sm-594">
         <name>__TI_int30</name>
         <value>0xffde</value>
         <object_component_ref idref="oc-7a"/>
      </symbol>
      <symbol id="sm-597">
         <name>__TI_int31</name>
         <value>0xffe0</value>
         <object_component_ref idref="oc-7b"/>
      </symbol>
      <symbol id="sm-59a">
         <name>__TI_int32</name>
         <value>0xffe2</value>
         <object_component_ref idref="oc-7c"/>
      </symbol>
      <symbol id="sm-59d">
         <name>__TI_int33</name>
         <value>0xffe4</value>
         <object_component_ref idref="oc-7d"/>
      </symbol>
      <symbol id="sm-5a0">
         <name>__TI_int34</name>
         <value>0xffe6</value>
         <object_component_ref idref="oc-7e"/>
      </symbol>
      <symbol id="sm-5a3">
         <name>__TI_int35</name>
         <value>0xffe8</value>
         <object_component_ref idref="oc-7f"/>
      </symbol>
      <symbol id="sm-5a6">
         <name>__TI_int37</name>
         <value>0xffec</value>
         <object_component_ref idref="oc-81"/>
      </symbol>
      <symbol id="sm-5a9">
         <name>__TI_int38</name>
         <value>0xffee</value>
         <object_component_ref idref="oc-82"/>
      </symbol>
      <symbol id="sm-5ac">
         <name>__TI_int39</name>
         <value>0xfff0</value>
         <object_component_ref idref="oc-83"/>
      </symbol>
      <symbol id="sm-5af">
         <name>__TI_int41</name>
         <value>0xfff4</value>
         <object_component_ref idref="oc-85"/>
      </symbol>
      <symbol id="sm-5b2">
         <name>__TI_int42</name>
         <value>0xfff6</value>
         <object_component_ref idref="oc-86"/>
      </symbol>
      <symbol id="sm-5b5">
         <name>__TI_int44</name>
         <value>0xfffa</value>
         <object_component_ref idref="oc-88"/>
      </symbol>
      <symbol id="sm-5b8">
         <name>__TI_int45</name>
         <value>0xfffc</value>
         <object_component_ref idref="oc-89"/>
      </symbol>
      <symbol id="sm-5c8">
         <name>__TI_zero_init_nomemset</name>
         <value>0x8846</value>
         <object_component_ref idref="oc-4ae"/>
      </symbol>
      <symbol id="sm-5d3">
         <name>__memcpy_far</name>
         <value>0x8806</value>
         <object_component_ref idref="oc-48b"/>
      </symbol>
      <symbol id="sm-5df">
         <name>__mspabi_remu</name>
         <value>0x8a0e</value>
         <object_component_ref idref="oc-6c0"/>
      </symbol>
      <symbol id="sm-5e0">
         <name>__mspabi_divu</name>
         <value>0x8a0e</value>
         <object_component_ref idref="oc-6c0"/>
      </symbol>
      <symbol id="sm-5ee">
         <name>__mspabi_remul</name>
         <value>0x8718</value>
         <object_component_ref idref="oc-505"/>
      </symbol>
      <symbol id="sm-5ef">
         <name>__mspabi_divul</name>
         <value>0x8718</value>
         <object_component_ref idref="oc-505"/>
      </symbol>
      <symbol id="sm-5f7">
         <name>__mspabi_mpyi_f5hw</name>
         <value>0x89f6</value>
         <object_component_ref idref="oc-681"/>
      </symbol>
      <symbol id="sm-605">
         <name>__mspabi_slll_9</name>
         <value>0x889c</value>
         <object_component_ref idref="oc-500"/>
      </symbol>
      <symbol id="sm-606">
         <name>__mspabi_slll_8</name>
         <value>0x88a0</value>
         <object_component_ref idref="oc-500"/>
      </symbol>
      <symbol id="sm-607">
         <name>__mspabi_slll_7</name>
         <value>0x88a4</value>
         <object_component_ref idref="oc-500"/>
      </symbol>
      <symbol id="sm-608">
         <name>__mspabi_slll_6</name>
         <value>0x88a8</value>
         <object_component_ref idref="oc-500"/>
      </symbol>
      <symbol id="sm-609">
         <name>__mspabi_slll_5</name>
         <value>0x88ac</value>
         <object_component_ref idref="oc-500"/>
      </symbol>
      <symbol id="sm-60a">
         <name>__mspabi_slll_4</name>
         <value>0x88b0</value>
         <object_component_ref idref="oc-500"/>
      </symbol>
      <symbol id="sm-60b">
         <name>__mspabi_slll_3</name>
         <value>0x88b4</value>
         <object_component_ref idref="oc-500"/>
      </symbol>
      <symbol id="sm-60c">
         <name>__mspabi_slll_2</name>
         <value>0x88b8</value>
         <object_component_ref idref="oc-500"/>
      </symbol>
      <symbol id="sm-60d">
         <name>__mspabi_slll_1</name>
         <value>0x88bc</value>
         <object_component_ref idref="oc-500"/>
      </symbol>
      <symbol id="sm-60e">
         <name>__mspabi_slll_15</name>
         <value>0x8884</value>
         <object_component_ref idref="oc-500"/>
      </symbol>
      <symbol id="sm-60f">
         <name>__mspabi_slll_14</name>
         <value>0x8888</value>
         <object_component_ref idref="oc-500"/>
      </symbol>
      <symbol id="sm-610">
         <name>__mspabi_slll_13</name>
         <value>0x888c</value>
         <object_component_ref idref="oc-500"/>
      </symbol>
      <symbol id="sm-611">
         <name>__mspabi_slll_12</name>
         <value>0x8890</value>
         <object_component_ref idref="oc-500"/>
      </symbol>
      <symbol id="sm-612">
         <name>__mspabi_slll_11</name>
         <value>0x8894</value>
         <object_component_ref idref="oc-500"/>
      </symbol>
      <symbol id="sm-613">
         <name>__mspabi_slll_10</name>
         <value>0x8898</value>
         <object_component_ref idref="oc-500"/>
      </symbol>
      <symbol id="sm-623">
         <name>_stack</name>
         <value>0x2f60</value>
         <object_component_ref idref="oc-47c"/>
      </symbol>
      <symbol id="sm-624">
         <name>_c_int00_noargs</name>
         <value>0x8af8</value>
         <object_component_ref idref="oc-4c0"/>
      </symbol>
      <symbol id="sm-625">
         <name>_reset_vector</name>
         <value>0xfffe</value>
         <object_component_ref idref="oc-47f"/>
      </symbol>
      <symbol id="sm-649">
         <name>__TI_auto_init_nobinit_nopinit_hold_wdt</name>
         <value>0x86ae</value>
         <object_component_ref idref="oc-5c1"/>
      </symbol>
      <symbol id="sm-652">
         <name>_system_post_cinit</name>
         <value>0x8a94</value>
         <object_component_ref idref="oc-620"/>
      </symbol>
      <symbol id="sm-65b">
         <name>_system_pre_init</name>
         <value>0x8a8c</value>
         <object_component_ref idref="oc-518"/>
      </symbol>
      <symbol id="sm-66c">
         <name>C$$EXIT</name>
         <value>0x8a86</value>
         <object_component_ref idref="oc-59d"/>
      </symbol>
      <symbol id="sm-66d">
         <name>abort</name>
         <value>0x8a86</value>
         <object_component_ref idref="oc-59d"/>
      </symbol>
      <symbol id="sm-67d">
         <name>memcpy</name>
         <value>0x8a5e</value>
         <object_component_ref idref="oc-547"/>
      </symbol>
      <symbol id="sm-69e">
         <name>sprintf</name>
         <value>0x88fe</value>
         <object_component_ref idref="oc-595"/>
      </symbol>
      <symbol id="sm-6e7">
         <name>__TI_printfi_minimal</name>
         <value>0x83bc</value>
         <object_component_ref idref="oc-604"/>
      </symbol>
      <symbol id="sm-6f7">
         <name>memccpy</name>
         <value>0x89c4</value>
         <object_component_ref idref="oc-69c"/>
      </symbol>
      <symbol id="sm-705">
         <name>memset</name>
         <value>0x8a38</value>
         <object_component_ref idref="oc-68f"/>
      </symbol>
      <symbol id="sm-712">
         <name>strlen</name>
         <value>0x8a70</value>
         <object_component_ref idref="oc-646"/>
      </symbol>
   </symbol_table>
   <title>Link successful</title>
</link_info>
