<?xml version="1.0" encoding="ISO-8859-1" ?>
<link_info>
   <banner>MSP430 Linker PC v18.1.4.LTS</banner>
   <copyright>Copyright (c) 2003-2018 Texas Instruments Incorporated</copyright>
   <link_time>0x5beb166d</link_time>
   <link_errors>0x0</link_errors>
   <output_file>Intellitune.out</output_file>
   <entry_point>
      <name>_c_int00_noargs</name>
      <address>0xa07a</address>
   </entry_point>
   <input_file_list>
      <input_file id="fl-2">
         <path>.\</path>
         <kind>object</kind>
         <file>adc_driver.obj</file>
         <name>adc_driver.obj</name>
      </input_file>
      <input_file id="fl-3">
         <path>.\</path>
         <kind>object</kind>
         <file>freq_counter.obj</file>
         <name>freq_counter.obj</name>
      </input_file>
      <input_file id="fl-4">
         <path>.\</path>
         <kind>object</kind>
         <file>hd44780.obj</file>
         <name>hd44780.obj</name>
      </input_file>
      <input_file id="fl-5">
         <path>.\</path>
         <kind>object</kind>
         <file>intellitune.obj</file>
         <name>intellitune.obj</name>
      </input_file>
      <input_file id="fl-6">
         <path>.\</path>
         <kind>object</kind>
         <file>relay.obj</file>
         <name>relay.obj</name>
      </input_file>
      <input_file id="fl-7">
         <path>.\</path>
         <kind>object</kind>
         <file>standing_wave_sensor.obj</file>
         <name>standing_wave_sensor.obj</name>
      </input_file>
      <input_file id="fl-8">
         <path>.\</path>
         <kind>object</kind>
         <file>state_machine.obj</file>
         <name>state_machine.obj</name>
      </input_file>
      <input_file id="fl-9">
         <path>.\</path>
         <kind>object</kind>
         <file>stepper_control.obj</file>
         <name>stepper_control.obj</name>
      </input_file>
      <input_file id="fl-a">
         <path>.\</path>
         <kind>object</kind>
         <file>user_iface.obj</file>
         <name>user_iface.obj</name>
      </input_file>
      <input_file id="fl-10">
         <kind>object</kind>
         <file>&lt;internal&gt;</file>
         <name>&lt;internal&gt;</name>
      </input_file>
      <input_file id="fl-26">
         <path>C:\ti\msp\MSP430Ware_3_80_05_04\iqmathlib\libraries\CCS\MPY32\5xx_6xx\</path>
         <kind>archive</kind>
         <file>IQmathLib_CCS_MPY32_5xx_6xx_CPUX_large_code_small_data.lib</file>
         <name>_IQNdiv.o</name>
      </input_file>
      <input_file id="fl-27">
         <path>C:\ti\msp\MSP430Ware_3_80_05_04\iqmathlib\libraries\CCS\MPY32\5xx_6xx\</path>
         <kind>archive</kind>
         <file>IQmathLib_CCS_MPY32_5xx_6xx_CPUX_large_code_small_data.lib</file>
         <name>__IQNmpy.o</name>
      </input_file>
      <input_file id="fl-28">
         <path>C:\ti\msp\MSP430Ware_3_80_05_04\iqmathlib\libraries\CCS\MPY32\5xx_6xx\</path>
         <kind>archive</kind>
         <file>IQmathLib_CCS_MPY32_5xx_6xx_CPUX_large_code_small_data.lib</file>
         <name>_IQNsqrt.o</name>
      </input_file>
      <input_file id="fl-29">
         <path>C:\ti\msp\MSP430Ware_3_80_05_04\iqmathlib\libraries\CCS\MPY32\5xx_6xx\</path>
         <kind>archive</kind>
         <file>IQmathLib_CCS_MPY32_5xx_6xx_CPUX_large_code_small_data.lib</file>
         <name>_IQNtables.o</name>
      </input_file>
      <input_file id="fl-2a">
         <path>C:\ti\msp\MSP430Ware_3_80_05_04\iqmathlib\libraries\CCS\MPY32\5xx_6xx\</path>
         <kind>archive</kind>
         <file>IQmathLib_CCS_MPY32_5xx_6xx_CPUX_large_code_small_data.lib</file>
         <name>_IQNtoa.o</name>
      </input_file>
      <input_file id="fl-2b">
         <path>C:\ti\ccsv8\tools\compiler\ti-cgt-msp430_18.1.4.LTS\lib\</path>
         <kind>archive</kind>
         <file>rts430x_lc_sd_eabi.lib</file>
         <name>copy_decompress_lzss.c.obj</name>
      </input_file>
      <input_file id="fl-2c">
         <path>C:\ti\ccsv8\tools\compiler\ti-cgt-msp430_18.1.4.LTS\lib\</path>
         <kind>archive</kind>
         <file>rts430x_lc_sd_eabi.lib</file>
         <name>copy_decompress_none.c.obj</name>
      </input_file>
      <input_file id="fl-2d">
         <path>C:\ti\ccsv8\tools\compiler\ti-cgt-msp430_18.1.4.LTS\lib\</path>
         <kind>archive</kind>
         <file>rts430x_lc_sd_eabi.lib</file>
         <name>int25.asm.obj</name>
      </input_file>
      <input_file id="fl-2e">
         <path>C:\ti\ccsv8\tools\compiler\ti-cgt-msp430_18.1.4.LTS\lib\</path>
         <kind>archive</kind>
         <file>rts430x_lc_sd_eabi.lib</file>
         <name>isr_trap.asm.obj</name>
      </input_file>
      <input_file id="fl-2f">
         <path>C:\ti\ccsv8\tools\compiler\ti-cgt-msp430_18.1.4.LTS\lib\</path>
         <kind>archive</kind>
         <file>rts430x_lc_sd_eabi.lib</file>
         <name>int26.asm.obj</name>
      </input_file>
      <input_file id="fl-30">
         <path>C:\ti\ccsv8\tools\compiler\ti-cgt-msp430_18.1.4.LTS\lib\</path>
         <kind>archive</kind>
         <file>rts430x_lc_sd_eabi.lib</file>
         <name>int27.asm.obj</name>
      </input_file>
      <input_file id="fl-31">
         <path>C:\ti\ccsv8\tools\compiler\ti-cgt-msp430_18.1.4.LTS\lib\</path>
         <kind>archive</kind>
         <file>rts430x_lc_sd_eabi.lib</file>
         <name>int28.asm.obj</name>
      </input_file>
      <input_file id="fl-32">
         <path>C:\ti\ccsv8\tools\compiler\ti-cgt-msp430_18.1.4.LTS\lib\</path>
         <kind>archive</kind>
         <file>rts430x_lc_sd_eabi.lib</file>
         <name>int30.asm.obj</name>
      </input_file>
      <input_file id="fl-33">
         <path>C:\ti\ccsv8\tools\compiler\ti-cgt-msp430_18.1.4.LTS\lib\</path>
         <kind>archive</kind>
         <file>rts430x_lc_sd_eabi.lib</file>
         <name>int31.asm.obj</name>
      </input_file>
      <input_file id="fl-34">
         <path>C:\ti\ccsv8\tools\compiler\ti-cgt-msp430_18.1.4.LTS\lib\</path>
         <kind>archive</kind>
         <file>rts430x_lc_sd_eabi.lib</file>
         <name>int32.asm.obj</name>
      </input_file>
      <input_file id="fl-35">
         <path>C:\ti\ccsv8\tools\compiler\ti-cgt-msp430_18.1.4.LTS\lib\</path>
         <kind>archive</kind>
         <file>rts430x_lc_sd_eabi.lib</file>
         <name>int33.asm.obj</name>
      </input_file>
      <input_file id="fl-36">
         <path>C:\ti\ccsv8\tools\compiler\ti-cgt-msp430_18.1.4.LTS\lib\</path>
         <kind>archive</kind>
         <file>rts430x_lc_sd_eabi.lib</file>
         <name>int34.asm.obj</name>
      </input_file>
      <input_file id="fl-37">
         <path>C:\ti\ccsv8\tools\compiler\ti-cgt-msp430_18.1.4.LTS\lib\</path>
         <kind>archive</kind>
         <file>rts430x_lc_sd_eabi.lib</file>
         <name>int35.asm.obj</name>
      </input_file>
      <input_file id="fl-38">
         <path>C:\ti\ccsv8\tools\compiler\ti-cgt-msp430_18.1.4.LTS\lib\</path>
         <kind>archive</kind>
         <file>rts430x_lc_sd_eabi.lib</file>
         <name>int37.asm.obj</name>
      </input_file>
      <input_file id="fl-39">
         <path>C:\ti\ccsv8\tools\compiler\ti-cgt-msp430_18.1.4.LTS\lib\</path>
         <kind>archive</kind>
         <file>rts430x_lc_sd_eabi.lib</file>
         <name>int39.asm.obj</name>
      </input_file>
      <input_file id="fl-3a">
         <path>C:\ti\ccsv8\tools\compiler\ti-cgt-msp430_18.1.4.LTS\lib\</path>
         <kind>archive</kind>
         <file>rts430x_lc_sd_eabi.lib</file>
         <name>int41.asm.obj</name>
      </input_file>
      <input_file id="fl-3b">
         <path>C:\ti\ccsv8\tools\compiler\ti-cgt-msp430_18.1.4.LTS\lib\</path>
         <kind>archive</kind>
         <file>rts430x_lc_sd_eabi.lib</file>
         <name>int43.asm.obj</name>
      </input_file>
      <input_file id="fl-3c">
         <path>C:\ti\ccsv8\tools\compiler\ti-cgt-msp430_18.1.4.LTS\lib\</path>
         <kind>archive</kind>
         <file>rts430x_lc_sd_eabi.lib</file>
         <name>int44.asm.obj</name>
      </input_file>
      <input_file id="fl-3d">
         <path>C:\ti\ccsv8\tools\compiler\ti-cgt-msp430_18.1.4.LTS\lib\</path>
         <kind>archive</kind>
         <file>rts430x_lc_sd_eabi.lib</file>
         <name>int45.asm.obj</name>
      </input_file>
      <input_file id="fl-3e">
         <path>C:\ti\ccsv8\tools\compiler\ti-cgt-msp430_18.1.4.LTS\lib\</path>
         <kind>archive</kind>
         <file>rts430x_lc_sd_eabi.lib</file>
         <name>copy_zero_init.c.obj</name>
      </input_file>
      <input_file id="fl-3f">
         <path>C:\ti\ccsv8\tools\compiler\ti-cgt-msp430_18.1.4.LTS\lib\</path>
         <kind>archive</kind>
         <file>rts430x_lc_sd_eabi.lib</file>
         <name>cpy_util.asm.obj</name>
      </input_file>
      <input_file id="fl-40">
         <path>C:\ti\ccsv8\tools\compiler\ti-cgt-msp430_18.1.4.LTS\lib\</path>
         <kind>archive</kind>
         <file>rts430x_lc_sd_eabi.lib</file>
         <name>div16u.asm.obj</name>
      </input_file>
      <input_file id="fl-41">
         <path>C:\ti\ccsv8\tools\compiler\ti-cgt-msp430_18.1.4.LTS\lib\</path>
         <kind>archive</kind>
         <file>rts430x_lc_sd_eabi.lib</file>
         <name>div32u.asm.obj</name>
      </input_file>
      <input_file id="fl-42">
         <path>C:\ti\ccsv8\tools\compiler\ti-cgt-msp430_18.1.4.LTS\lib\</path>
         <kind>archive</kind>
         <file>rts430x_lc_sd_eabi.lib</file>
         <name>mult16_f5hw.asm.obj</name>
      </input_file>
      <input_file id="fl-43">
         <path>C:\ti\ccsv8\tools\compiler\ti-cgt-msp430_18.1.4.LTS\lib\</path>
         <kind>archive</kind>
         <file>rts430x_lc_sd_eabi.lib</file>
         <name>mult32.asm.obj</name>
      </input_file>
      <input_file id="fl-44">
         <path>C:\ti\ccsv8\tools\compiler\ti-cgt-msp430_18.1.4.LTS\lib\</path>
         <kind>archive</kind>
         <file>rts430x_lc_sd_eabi.lib</file>
         <name>mult32_f5hw.asm.obj</name>
      </input_file>
      <input_file id="fl-45">
         <path>C:\ti\ccsv8\tools\compiler\ti-cgt-msp430_18.1.4.LTS\lib\</path>
         <kind>archive</kind>
         <file>rts430x_lc_sd_eabi.lib</file>
         <name>mult64_f5hw.asm.obj</name>
      </input_file>
      <input_file id="fl-46">
         <path>C:\ti\ccsv8\tools\compiler\ti-cgt-msp430_18.1.4.LTS\lib\</path>
         <kind>archive</kind>
         <file>rts430x_lc_sd_eabi.lib</file>
         <name>mult1632_f5hw.asm.obj</name>
      </input_file>
      <input_file id="fl-47">
         <path>C:\ti\ccsv8\tools\compiler\ti-cgt-msp430_18.1.4.LTS\lib\</path>
         <kind>archive</kind>
         <file>rts430x_lc_sd_eabi.lib</file>
         <name>mult3264_f5hw.asm.obj</name>
      </input_file>
      <input_file id="fl-48">
         <path>C:\ti\ccsv8\tools\compiler\ti-cgt-msp430_18.1.4.LTS\lib\</path>
         <kind>archive</kind>
         <file>rts430x_lc_sd_eabi.lib</file>
         <name>lsl32.asm.obj</name>
      </input_file>
      <input_file id="fl-49">
         <path>C:\ti\ccsv8\tools\compiler\ti-cgt-msp430_18.1.4.LTS\lib\</path>
         <kind>archive</kind>
         <file>rts430x_lc_sd_eabi.lib</file>
         <name>asr32.asm.obj</name>
      </input_file>
      <input_file id="fl-4a">
         <path>C:\ti\ccsv8\tools\compiler\ti-cgt-msp430_18.1.4.LTS\lib\</path>
         <kind>archive</kind>
         <file>rts430x_lc_sd_eabi.lib</file>
         <name>lsr32.asm.obj</name>
      </input_file>
      <input_file id="fl-4b">
         <path>C:\ti\ccsv8\tools\compiler\ti-cgt-msp430_18.1.4.LTS\lib\</path>
         <kind>archive</kind>
         <file>rts430x_lc_sd_eabi.lib</file>
         <name>lsr64.c.obj</name>
      </input_file>
      <input_file id="fl-4c">
         <path>C:\ti\ccsv8\tools\compiler\ti-cgt-msp430_18.1.4.LTS\lib\</path>
         <kind>archive</kind>
         <file>rts430x_lc_sd_eabi.lib</file>
         <name>boot.c.obj</name>
      </input_file>
      <input_file id="fl-4d">
         <path>C:\ti\ccsv8\tools\compiler\ti-cgt-msp430_18.1.4.LTS\lib\</path>
         <kind>archive</kind>
         <file>rts430x_lc_sd_eabi.lib</file>
         <name>mpu_init.c.obj</name>
      </input_file>
      <input_file id="fl-4e">
         <path>C:\ti\ccsv8\tools\compiler\ti-cgt-msp430_18.1.4.LTS\lib\</path>
         <kind>archive</kind>
         <file>rts430x_lc_sd_eabi.lib</file>
         <name>args_main.c.obj</name>
      </input_file>
      <input_file id="fl-4f">
         <path>C:\ti\ccsv8\tools\compiler\ti-cgt-msp430_18.1.4.LTS\lib\</path>
         <kind>archive</kind>
         <file>rts430x_lc_sd_eabi.lib</file>
         <name>autoinit.c.obj</name>
      </input_file>
      <input_file id="fl-50">
         <path>C:\ti\ccsv8\tools\compiler\ti-cgt-msp430_18.1.4.LTS\lib\</path>
         <kind>archive</kind>
         <file>rts430x_lc_sd_eabi.lib</file>
         <name>startup.c.obj</name>
      </input_file>
      <input_file id="fl-51">
         <path>C:\ti\ccsv8\tools\compiler\ti-cgt-msp430_18.1.4.LTS\lib\</path>
         <kind>archive</kind>
         <file>rts430x_lc_sd_eabi.lib</file>
         <name>pre_init.c.obj</name>
      </input_file>
      <input_file id="fl-52">
         <path>C:\ti\ccsv8\tools\compiler\ti-cgt-msp430_18.1.4.LTS\lib\</path>
         <kind>archive</kind>
         <file>rts430x_lc_sd_eabi.lib</file>
         <name>cpy_tbl.c.obj</name>
      </input_file>
      <input_file id="fl-53">
         <path>C:\ti\ccsv8\tools\compiler\ti-cgt-msp430_18.1.4.LTS\lib\</path>
         <kind>archive</kind>
         <file>rts430x_lc_sd_eabi.lib</file>
         <name>mult16.asm.obj</name>
      </input_file>
      <input_file id="fl-54">
         <path>C:\ti\ccsv8\tools\compiler\ti-cgt-msp430_18.1.4.LTS\lib\</path>
         <kind>archive</kind>
         <file>rts430x_lc_sd_eabi.lib</file>
         <name>exit.c.obj</name>
      </input_file>
      <input_file id="fl-55">
         <path>C:\ti\ccsv8\tools\compiler\ti-cgt-msp430_18.1.4.LTS\lib\</path>
         <kind>archive</kind>
         <file>rts430x_lc_sd_eabi.lib</file>
         <name>exit_gvars.c.obj</name>
      </input_file>
      <input_file id="fl-56">
         <path>C:\ti\ccsv8\tools\compiler\ti-cgt-msp430_18.1.4.LTS\lib\</path>
         <kind>archive</kind>
         <file>rts430x_lc_sd_eabi.lib</file>
         <name>_lock.c.obj</name>
      </input_file>
      <input_file id="fl-57">
         <path>C:\ti\ccsv8\tools\compiler\ti-cgt-msp430_18.1.4.LTS\lib\</path>
         <kind>archive</kind>
         <file>rts430x_lc_sd_eabi.lib</file>
         <name>memcpy.c.obj</name>
      </input_file>
      <input_file id="fl-58">
         <path>C:\ti\ccsv8\tools\compiler\ti-cgt-msp430_18.1.4.LTS\lib\</path>
         <kind>archive</kind>
         <file>rts430x_lc_sd_eabi.lib</file>
         <name>memset.c.obj</name>
      </input_file>
      <input_file id="fl-59">
         <path>C:\ti\ccsv8\tools\compiler\ti-cgt-msp430_18.1.4.LTS\lib\</path>
         <kind>archive</kind>
         <file>rts430x_lc_sd_eabi.lib</file>
         <name>strcat.c.obj</name>
      </input_file>
      <input_file id="fl-5a">
         <path>C:\ti\ccsv8\tools\compiler\ti-cgt-msp430_18.1.4.LTS\lib\</path>
         <kind>archive</kind>
         <file>rts430x_lc_sd_eabi.lib</file>
         <name>strlen.c.obj</name>
      </input_file>
   </input_file_list>
   <object_component_list>
      <object_component id="oc-81c">
         <name>.cinit..data.load</name>
         <load_address>0x8000</load_address>
         <run_address>0x8000</run_address>
         <size>0xd</size>
      </object_component>
      <object_component id="oc-819">
         <name>__TI_handler_table</name>
         <load_address>0x800e</load_address>
         <run_address>0x800e</run_address>
         <size>0xc</size>
      </object_component>
      <object_component id="oc-81b">
         <name>.cinit..bss.load</name>
         <load_address>0x801a</load_address>
         <run_address>0x801a</run_address>
         <size>0x6</size>
      </object_component>
      <object_component id="oc-81a">
         <name>__TI_cinit_table</name>
         <load_address>0x8020</load_address>
         <run_address>0x8020</run_address>
         <size>0x10</size>
      </object_component>
      <object_component id="oc-7b9">
         <name>.binit</name>
         <load_address>0x8030</load_address>
         <run_address>0x8030</run_address>
         <size>0x0</size>
      </object_component>
      <object_component id="oc-7ad">
         <name>.const:_IQ14sqrt_lookup</name>
         <load_address>0x8030</load_address>
         <run_address>0x8030</run_address>
         <size>0xc0</size>
         <input_file_ref idref="fl-29"/>
      </object_component>
      <object_component id="oc-7ac">
         <name>.const:.string:_IQ6div_lookup</name>
         <load_address>0x80f0</load_address>
         <run_address>0x80f0</run_address>
         <size>0x41</size>
         <input_file_ref idref="fl-29"/>
      </object_component>
      <object_component id="oc-772">
         <name>.const:.string</name>
         <load_address>0x8132</load_address>
         <run_address>0x8132</run_address>
         <size>0x1e</size>
         <input_file_ref idref="fl-5"/>
      </object_component>
      <object_component id="oc-734">
         <name>.const:.string:name$7</name>
         <load_address>0x8150</load_address>
         <run_address>0x8150</run_address>
         <size>0xd</size>
         <input_file_ref idref="fl-a"/>
      </object_component>
      <object_component id="oc-6f1">
         <name>.const:.string:$P$T0$4</name>
         <load_address>0x815e</load_address>
         <run_address>0x815e</run_address>
         <size>0x7</size>
         <input_file_ref idref="fl-4"/>
      </object_component>
      <object_component id="oc-780">
         <name>.const:.string</name>
         <load_address>0x8166</load_address>
         <run_address>0x8166</run_address>
         <size>0x6</size>
         <input_file_ref idref="fl-7"/>
      </object_component>
      <object_component id="oc-73d">
         <name>.const:.string:cap_unit$5</name>
         <load_address>0x816c</load_address>
         <run_address>0x816c</run_address>
         <size>0x4</size>
         <input_file_ref idref="fl-a"/>
      </object_component>
      <object_component id="oc-721">
         <name>.const:.string:f_unit$2</name>
         <load_address>0x8170</load_address>
         <run_address>0x8170</run_address>
         <size>0x4</size>
         <input_file_ref idref="fl-a"/>
      </object_component>
      <object_component id="oc-73e">
         <name>.const:.string:ind_unit$6</name>
         <load_address>0x8174</load_address>
         <run_address>0x8174</run_address>
         <size>0x4</size>
         <input_file_ref idref="fl-a"/>
      </object_component>
      <object_component id="oc-735">
         <name>.const:.string:cap_disp$3</name>
         <load_address>0x8178</load_address>
         <run_address>0x8178</run_address>
         <size>0x3</size>
         <input_file_ref idref="fl-a"/>
      </object_component>
      <object_component id="oc-736">
         <name>.const:.string:ind_disp$4</name>
         <load_address>0x817c</load_address>
         <run_address>0x817c</run_address>
         <size>0x3</size>
         <input_file_ref idref="fl-a"/>
      </object_component>
      <object_component id="oc-71a">
         <name>.const:.string:period$1</name>
         <load_address>0x8180</load_address>
         <run_address>0x8180</run_address>
         <size>0x2</size>
         <input_file_ref idref="fl-a"/>
      </object_component>
      <object_component id="oc-6f6">
         <name>.text:tune</name>
         <load_address>0x8182</load_address>
         <run_address>0x8182</run_address>
         <size>0x460</size>
         <input_file_ref idref="fl-5"/>
      </object_component>
      <object_component id="oc-773">
         <name>.text:_IQ16toa</name>
         <load_address>0x85e2</load_address>
         <run_address>0x85e2</run_address>
         <size>0x210</size>
         <input_file_ref idref="fl-2a"/>
      </object_component>
      <object_component id="oc-6a4">
         <name>.text:lcd_update</name>
         <load_address>0x87f2</load_address>
         <run_address>0x87f2</run_address>
         <size>0x1e2</size>
         <input_file_ref idref="fl-a"/>
      </object_component>
      <object_component id="oc-770">
         <name>.text:_IQ16div</name>
         <load_address>0x89d4</load_address>
         <run_address>0x89d4</run_address>
         <size>0x1d2</size>
         <input_file_ref idref="fl-26"/>
      </object_component>
      <object_component id="oc-79f">
         <name>.text:_IQ19div</name>
         <load_address>0x8ba6</load_address>
         <run_address>0x8ba6</run_address>
         <size>0x1d2</size>
         <input_file_ref idref="fl-26"/>
      </object_component>
      <object_component id="oc-68a">
         <name>.text:hd44780_timer_isr</name>
         <load_address>0x8d78</load_address>
         <run_address>0x8d78</run_address>
         <size>0x174</size>
         <input_file_ref idref="fl-4"/>
      </object_component>
      <object_component id="oc-774">
         <name>.text:_IQ16sqrt</name>
         <load_address>0x8eec</load_address>
         <run_address>0x8eec</run_address>
         <size>0x13a</size>
         <input_file_ref idref="fl-28"/>
      </object_component>
      <object_component id="oc-66">
         <name>.text:decompress:lzss:__TI_decompress_lzss</name>
         <load_address>0x9026</load_address>
         <run_address>0x9026</run_address>
         <size>0xee</size>
         <input_file_ref idref="fl-2b"/>
      </object_component>
      <object_component id="oc-539">
         <name>.text:step_cap_motor</name>
         <load_address>0x9114</load_address>
         <run_address>0x9114</run_address>
         <size>0xd8</size>
         <input_file_ref idref="fl-9"/>
      </object_component>
      <object_component id="oc-53f">
         <name>.text:step_ind_motor</name>
         <load_address>0x91ec</load_address>
         <run_address>0x91ec</run_address>
         <size>0xd4</size>
         <input_file_ref idref="fl-9"/>
      </object_component>
      <object_component id="oc-769">
         <name>.text:calculate_ref_coeff</name>
         <load_address>0x92c0</load_address>
         <run_address>0x92c0</run_address>
         <size>0xc8</size>
         <input_file_ref idref="fl-7"/>
      </object_component>
      <object_component id="oc-728">
         <name>.text:hd44780_write_string</name>
         <load_address>0x9388</load_address>
         <run_address>0x9388</run_address>
         <size>0xac</size>
         <input_file_ref idref="fl-4"/>
      </object_component>
      <object_component id="oc-697">
         <name>.text:update_digipot</name>
         <load_address>0x9434</load_address>
         <run_address>0x9434</run_address>
         <size>0x9e</size>
         <input_file_ref idref="fl-7"/>
      </object_component>
      <object_component id="oc-51e">
         <name>.text:update_adc_value</name>
         <load_address>0x94d2</load_address>
         <run_address>0x94d2</run_address>
         <size>0x94</size>
         <input_file_ref idref="fl-2"/>
      </object_component>
      <object_component id="oc-5cf">
         <name>.text:ui_init</name>
         <load_address>0x9566</load_address>
         <run_address>0x9566</run_address>
         <size>0x78</size>
         <input_file_ref idref="fl-a"/>
      </object_component>
      <object_component id="oc-702">
         <name>.text:update_swr</name>
         <load_address>0x95de</load_address>
         <run_address>0x95de</run_address>
         <size>0x78</size>
         <input_file_ref idref="fl-7"/>
      </object_component>
      <object_component id="oc-603">
         <name>.text:__TI_auto_init_nobinit_nopinit_hold_wdt:__TI_auto_init_nobinit_nopinit_hold_wdt</name>
         <load_address>0x9656</load_address>
         <run_address>0x9656</run_address>
         <size>0x6a</size>
         <input_file_ref idref="fl-4f"/>
      </object_component>
      <object_component id="oc-5d5">
         <name>.text:initialize_adc</name>
         <load_address>0x96c0</load_address>
         <run_address>0x96c0</run_address>
         <size>0x68</size>
         <input_file_ref idref="fl-2"/>
      </object_component>
      <object_component id="oc-5b1">
         <name>.text:init_gpio</name>
         <load_address>0x9728</load_address>
         <run_address>0x9728</run_address>
         <size>0x66</size>
         <input_file_ref idref="fl-5"/>
      </object_component>
      <object_component id="oc-69d">
         <name>.text:B2</name>
         <load_address>0x978e</load_address>
         <run_address>0x978e</run_address>
         <size>0x62</size>
         <input_file_ref idref="fl-8"/>
      </object_component>
      <object_component id="oc-714">
         <name>.text:utoa</name>
         <load_address>0x97f0</load_address>
         <run_address>0x97f0</run_address>
         <size>0x60</size>
         <input_file_ref idref="fl-a"/>
      </object_component>
      <object_component id="oc-72e">
         <name>.text:hd44780_blank_out_remaining_row</name>
         <load_address>0x9850</load_address>
         <run_address>0x9850</run_address>
         <size>0x58</size>
         <input_file_ref idref="fl-4"/>
      </object_component>
      <object_component id="oc-5ab">
         <name>.text:initialize_task_manager</name>
         <load_address>0x98a8</load_address>
         <run_address>0x98a8</run_address>
         <size>0x58</size>
         <input_file_ref idref="fl-8"/>
      </object_component>
      <object_component id="oc-532">
         <name>.text</name>
         <load_address>0x9900</load_address>
         <run_address>0x9900</run_address>
         <size>0x58</size>
         <input_file_ref idref="fl-41"/>
      </object_component>
      <object_component id="oc-785">
         <name>.text:reverse</name>
         <load_address>0x9958</load_address>
         <run_address>0x9958</run_address>
         <size>0x54</size>
         <input_file_ref idref="fl-a"/>
      </object_component>
      <object_component id="oc-5a5">
         <name>.text:clock_configure</name>
         <load_address>0x99ac</load_address>
         <run_address>0x99ac</run_address>
         <size>0x52</size>
         <input_file_ref idref="fl-5"/>
      </object_component>
      <object_component id="oc-5c9">
         <name>.text:initialize_stepper_control</name>
         <load_address>0x99fe</load_address>
         <run_address>0x99fe</run_address>
         <size>0x4c</size>
         <input_file_ref idref="fl-9"/>
      </object_component>
      <object_component id="oc-562">
         <name>.text:main</name>
         <load_address>0x9a4a</load_address>
         <run_address>0x9a4a</run_address>
         <size>0x44</size>
         <input_file_ref idref="fl-5"/>
      </object_component>
      <object_component id="oc-48b">
         <name>.text:__memcpy_far</name>
         <load_address>0x9a8e</load_address>
         <run_address>0x9a8e</run_address>
         <size>0x40</size>
         <input_file_ref idref="fl-3f"/>
      </object_component>
      <object_component id="oc-4cc">
         <name>.text:decompress:ZI:__TI_zero_init_nomemset:__TI_zero_init_nomemset</name>
         <load_address>0x9ace</load_address>
         <run_address>0x9ace</run_address>
         <size>0x3e</size>
         <input_file_ref idref="fl-3e"/>
      </object_component>
      <object_component id="oc-7a0">
         <name>.text:l_asr_const</name>
         <load_address>0x9b0c</load_address>
         <run_address>0x9b0c</run_address>
         <size>0x3e</size>
         <input_file_ref idref="fl-49"/>
      </object_component>
      <object_component id="oc-52d">
         <name>.text:l_lsl_const</name>
         <load_address>0x9b4a</load_address>
         <run_address>0x9b4a</run_address>
         <size>0x3e</size>
         <input_file_ref idref="fl-48"/>
      </object_component>
      <object_component id="oc-6c">
         <name>.text:decompress:none:__TI_decompress_none</name>
         <load_address>0x9b88</load_address>
         <run_address>0x9b88</run_address>
         <size>0x3c</size>
         <input_file_ref idref="fl-2c"/>
      </object_component>
      <object_component id="oc-7a6">
         <name>.text:__mspabi_srlll</name>
         <load_address>0x9bc4</load_address>
         <run_address>0x9bc4</run_address>
         <size>0x3a</size>
         <input_file_ref idref="fl-4b"/>
      </object_component>
      <object_component id="oc-771">
         <name>.text:_IQ16mpy</name>
         <load_address>0x9bfe</load_address>
         <run_address>0x9bfe</run_address>
         <size>0x38</size>
         <input_file_ref idref="fl-27"/>
      </object_component>
      <object_component id="oc-54d">
         <name>.text:sample_adc_channel</name>
         <load_address>0x9c36</load_address>
         <run_address>0x9c36</run_address>
         <size>0x2a</size>
         <input_file_ref idref="fl-2"/>
      </object_component>
      <object_component id="oc-747">
         <name>.text:measure_freq</name>
         <load_address>0x9c60</load_address>
         <run_address>0x9c60</run_address>
         <size>0x28</size>
         <input_file_ref idref="fl-3"/>
      </object_component>
      <object_component id="oc-644">
         <name>.text:hd44780_clear_screen</name>
         <load_address>0x9c88</load_address>
         <run_address>0x9c88</run_address>
         <size>0x26</size>
         <input_file_ref idref="fl-4"/>
      </object_component>
      <object_component id="oc-596">
         <name>.text</name>
         <load_address>0x9cae</load_address>
         <run_address>0x9cae</run_address>
         <size>0x24</size>
         <input_file_ref idref="fl-44"/>
      </object_component>
      <object_component id="oc-5c3">
         <name>.text:initialize_spi</name>
         <load_address>0x9cd2</load_address>
         <run_address>0x9cd2</run_address>
         <size>0x1e</size>
         <input_file_ref idref="fl-7"/>
      </object_component>
      <object_component id="oc-5b7">
         <name>.text:initialize_relay</name>
         <load_address>0x9cf0</load_address>
         <run_address>0x9cf0</run_address>
         <size>0x1c</size>
         <input_file_ref idref="fl-6"/>
      </object_component>
      <object_component id="oc-71b">
         <name>.text:strcat</name>
         <load_address>0x9d0c</load_address>
         <run_address>0x9d0c</run_address>
         <size>0x1a</size>
         <input_file_ref idref="fl-59"/>
      </object_component>
      <object_component id="oc-623">
         <name>.text:A0</name>
         <load_address>0x9d26</load_address>
         <run_address>0x9d26</run_address>
         <size>0x18</size>
         <input_file_ref idref="fl-8"/>
      </object_component>
      <object_component id="oc-683">
         <name>.text:B0</name>
         <load_address>0x9d3e</load_address>
         <run_address>0x9d3e</run_address>
         <size>0x18</size>
         <input_file_ref idref="fl-8"/>
      </object_component>
      <object_component id="oc-6e8">
         <name>.text:C0</name>
         <load_address>0x9d56</load_address>
         <run_address>0x9d56</run_address>
         <size>0x18</size>
         <input_file_ref idref="fl-8"/>
      </object_component>
      <object_component id="oc-70f">
         <name>.text</name>
         <load_address>0x9d6e</load_address>
         <run_address>0x9d6e</run_address>
         <size>0x16</size>
         <input_file_ref idref="fl-40"/>
      </object_component>
      <object_component id="oc-690">
         <name>.text:A2</name>
         <load_address>0x9d84</load_address>
         <run_address>0x9d84</run_address>
         <size>0x14</size>
         <input_file_ref idref="fl-8"/>
      </object_component>
      <object_component id="oc-5bd">
         <name>.text:initialize_freq_counter</name>
         <load_address>0x9d98</load_address>
         <run_address>0x9d98</run_address>
         <size>0x14</size>
         <input_file_ref idref="fl-3"/>
      </object_component>
      <object_component id="oc-709">
         <name>.text:memset</name>
         <load_address>0x9dac</load_address>
         <run_address>0x9dac</run_address>
         <size>0x14</size>
         <input_file_ref idref="fl-58"/>
      </object_component>
      <object_component id="oc-6db">
         <name>.text:memcpy</name>
         <load_address>0x9dc0</load_address>
         <run_address>0x9dc0</run_address>
         <size>0x12</size>
         <input_file_ref idref="fl-57"/>
      </object_component>
      <object_component id="oc-629">
         <name>.text:A1</name>
         <load_address>0x9dd2</load_address>
         <run_address>0x9dd2</run_address>
         <size>0xe</size>
         <input_file_ref idref="fl-8"/>
      </object_component>
      <object_component id="oc-630">
         <name>.text:B1</name>
         <load_address>0x9de0</load_address>
         <run_address>0x9de0</run_address>
         <size>0xe</size>
         <input_file_ref idref="fl-8"/>
      </object_component>
      <object_component id="oc-637">
         <name>.text:C1</name>
         <load_address>0x9dee</load_address>
         <run_address>0x9dee</run_address>
         <size>0xe</size>
         <input_file_ref idref="fl-8"/>
      </object_component>
      <object_component id="oc-6aa">
         <name>.text:C2</name>
         <load_address>0x9dfc</load_address>
         <run_address>0x9dfc</run_address>
         <size>0xe</size>
         <input_file_ref idref="fl-8"/>
      </object_component>
      <object_component id="oc-722">
         <name>.text:strlen</name>
         <load_address>0x9e0a</load_address>
         <run_address>0x9e0a</run_address>
         <size>0xe</size>
         <input_file_ref idref="fl-5a"/>
      </object_component>
      <object_component id="oc-5df">
         <name>.text:abort</name>
         <load_address>0x9e18</load_address>
         <run_address>0x9e18</run_address>
         <size>0x6</size>
         <input_file_ref idref="fl-54"/>
      </object_component>
      <object_component id="oc-55c">
         <name>.text:_system_pre_init</name>
         <load_address>0x9e1e</load_address>
         <run_address>0x9e1e</run_address>
         <size>0x4</size>
         <input_file_ref idref="fl-51"/>
      </object_component>
      <object_component id="oc-660">
         <name>.text:_system_post_cinit</name>
         <load_address>0x9e22</load_address>
         <run_address>0x9e22</run_address>
         <size>0x2</size>
         <input_file_ref idref="fl-50"/>
      </object_component>
      <object_component id="oc-49d">
         <name>.text:_isr:Port_3</name>
         <load_address>0x9e24</load_address>
         <run_address>0x9e24</run_address>
         <size>0xb0</size>
         <input_file_ref idref="fl-a"/>
      </object_component>
      <object_component id="oc-4b4">
         <name>.text:_isr:Timer3_B1</name>
         <load_address>0x9ed4</load_address>
         <run_address>0x9ed4</run_address>
         <size>0x9e</size>
         <input_file_ref idref="fl-a"/>
      </object_component>
      <object_component id="oc-4a3">
         <name>.text:_isr:Port_2</name>
         <load_address>0x9f72</load_address>
         <run_address>0x9f72</run_address>
         <size>0x44</size>
         <input_file_ref idref="fl-a"/>
      </object_component>
      <object_component id="oc-4c6">
         <name>.text:_isr:Timer0_B1</name>
         <load_address>0x9fb6</load_address>
         <run_address>0x9fb6</run_address>
         <size>0x3a</size>
         <input_file_ref idref="fl-2"/>
      </object_component>
      <object_component id="oc-4ae">
         <name>.text:_isr:ADC_ISR</name>
         <load_address>0x9ff0</load_address>
         <run_address>0x9ff0</run_address>
         <size>0x34</size>
         <input_file_ref idref="fl-2"/>
      </object_component>
      <object_component id="oc-497">
         <name>.text:_isr:Port_4</name>
         <load_address>0xa024</load_address>
         <run_address>0xa024</run_address>
         <size>0x30</size>
         <input_file_ref idref="fl-a"/>
      </object_component>
      <object_component id="oc-4ba">
         <name>.text:_isr:Timer2_B1</name>
         <load_address>0xa054</load_address>
         <run_address>0xa054</run_address>
         <size>0x26</size>
         <input_file_ref idref="fl-9"/>
      </object_component>
      <object_component id="oc-4de">
         <name>.text:_isr:_c_int00_noargs</name>
         <load_address>0xa07a</load_address>
         <run_address>0xa07a</run_address>
         <size>0x1c</size>
         <input_file_ref idref="fl-4c"/>
      </object_component>
      <object_component id="oc-4c0">
         <name>.text:_isr:Timer1_B1</name>
         <load_address>0xa096</load_address>
         <run_address>0xa096</run_address>
         <size>0xa</size>
         <input_file_ref idref="fl-3"/>
      </object_component>
      <object_component id="oc-4a9">
         <name>.text:_isr:__TI_ISR_TRAP</name>
         <load_address>0xa0a0</load_address>
         <run_address>0xa0a0</run_address>
         <size>0x8</size>
         <input_file_ref idref="fl-2e"/>
      </object_component>
      <object_component id="oc-6b1">
         <name>.bss:u8__hd44780_data_buffer</name>
         <uninitialized>true</uninitialized>
         <run_address>0x2040</run_address>
         <size>0x20</size>
         <input_file_ref idref="fl-4"/>
      </object_component>
      <object_component id="oc-6f0">
         <name>.bss</name>
         <uninitialized>true</uninitialized>
         <run_address>0x2084</run_address>
         <size>0x1</size>
         <input_file_ref idref="fl-4"/>
      </object_component>
      <object_component id="oc-76f">
         <name>.bss</name>
         <uninitialized>true</uninitialized>
         <run_address>0x2000</run_address>
         <size>0x40</size>
         <input_file_ref idref="fl-5"/>
      </object_component>
      <object_component id="oc-595">
         <name>.bss</name>
         <uninitialized>true</uninitialized>
         <run_address>0x2060</run_address>
         <size>0xc</size>
         <input_file_ref idref="fl-9"/>
      </object_component>
      <object_component id="oc-529">
         <name>.common:overflowCount</name>
         <uninitialized>true</uninitialized>
         <run_address>0x2082</run_address>
         <size>0x2</size>
      </object_component>
      <object_component id="oc-537">
         <name>.common:frequency</name>
         <uninitialized>true</uninitialized>
         <run_address>0x2080</run_address>
         <size>0x2</size>
      </object_component>
      <object_component id="oc-52c">
         <name>.common:total_pulses</name>
         <uninitialized>true</uninitialized>
         <run_address>0x207c</run_address>
         <size>0x4</size>
      </object_component>
      <object_component id="oc-5db">
         <name>.common:Alpha_State_Ptr</name>
         <uninitialized>true</uninitialized>
         <run_address>0x2070</run_address>
         <size>0x4</size>
      </object_component>
      <object_component id="oc-62f">
         <name>.common:A_Task_Ptr</name>
         <uninitialized>true</uninitialized>
         <run_address>0x206c</run_address>
         <size>0x4</size>
      </object_component>
      <object_component id="oc-636">
         <name>.common:B_Task_Ptr</name>
         <uninitialized>true</uninitialized>
         <run_address>0x2074</run_address>
         <size>0x4</size>
      </object_component>
      <object_component id="oc-63d">
         <name>.common:C_Task_Ptr</name>
         <uninitialized>true</uninitialized>
         <run_address>0x2078</run_address>
         <size>0x4</size>
      </object_component>
      <object_component id="oc-54a">
         <name>.data</name>
         <load_address>0x2086</load_address>
         <run_address>0x2086</run_address>
         <size>0xe</size>
         <input_file_ref idref="fl-2"/>
      </object_component>
      <object_component id="oc-6ef">
         <name>.data</name>
         <load_address>0x20b0</load_address>
         <run_address>0x20b0</run_address>
         <size>0x4</size>
         <input_file_ref idref="fl-4"/>
      </object_component>
      <object_component id="oc-737">
         <name>.data:cap2_val</name>
         <load_address>0x2094</load_address>
         <run_address>0x2094</run_address>
         <size>0x8</size>
         <input_file_ref idref="fl-5"/>
      </object_component>
      <object_component id="oc-73a">
         <name>.data:ind2_val</name>
         <load_address>0x20a4</load_address>
         <run_address>0x20a4</run_address>
         <size>0x6</size>
         <input_file_ref idref="fl-5"/>
      </object_component>
      <object_component id="oc-73f">
         <name>.data:swr_val</name>
         <load_address>0x20aa</load_address>
         <run_address>0x20aa</run_address>
         <size>0x5</size>
         <input_file_ref idref="fl-5"/>
      </object_component>
      <object_component id="oc-742">
         <name>.data:load_imp</name>
         <load_address>0x209c</load_address>
         <run_address>0x209c</run_address>
         <size>0x7</size>
         <input_file_ref idref="fl-5"/>
      </object_component>
      <object_component id="oc-547">
         <name>.data</name>
         <load_address>0x20b7</load_address>
         <run_address>0x20b7</run_address>
         <size>0x2</size>
         <input_file_ref idref="fl-5"/>
      </object_component>
      <object_component id="oc-6fd">
         <name>.data</name>
         <load_address>0x20a3</load_address>
         <run_address>0x20a3</run_address>
         <size>0x1</size>
         <input_file_ref idref="fl-7"/>
      </object_component>
      <object_component id="oc-526">
         <name>.data</name>
         <load_address>0x20af</load_address>
         <run_address>0x20af</run_address>
         <size>0x1</size>
         <input_file_ref idref="fl-8"/>
      </object_component>
      <object_component id="oc-59b">
         <name>.data</name>
         <load_address>0x20b9</load_address>
         <run_address>0x20b9</run_address>
         <size>0x2</size>
         <input_file_ref idref="fl-9"/>
      </object_component>
      <object_component id="oc-512">
         <name>.data</name>
         <load_address>0x20b4</load_address>
         <run_address>0x20b4</run_address>
         <size>0x3</size>
         <input_file_ref idref="fl-a"/>
      </object_component>
      <object_component id="oc-47c">
         <name>.stack</name>
         <uninitialized>true</uninitialized>
         <run_address>0x2f60</run_address>
         <size>0x2</size>
         <input_file_ref idref="fl-4c"/>
      </object_component>
      <object_component id="oc-81d">
         <name>.stack</name>
         <uninitialized>true</uninitialized>
         <run_address>0x2f60</run_address>
         <size>0x0</size>
      </object_component>
      <object_component id="oc-72">
         <name>.int22</name>
         <load_address>0xffce</load_address>
         <run_address>0xffce</run_address>
         <size>0x2</size>
         <input_file_ref idref="fl-a"/>
      </object_component>
      <object_component id="oc-73">
         <name>.int23</name>
         <load_address>0xffd0</load_address>
         <run_address>0xffd0</run_address>
         <size>0x2</size>
         <input_file_ref idref="fl-a"/>
      </object_component>
      <object_component id="oc-74">
         <name>.int24</name>
         <load_address>0xffd2</load_address>
         <run_address>0xffd2</run_address>
         <size>0x2</size>
         <input_file_ref idref="fl-a"/>
      </object_component>
      <object_component id="oc-75">
         <name>.int25</name>
         <load_address>0xffd4</load_address>
         <run_address>0xffd4</run_address>
         <size>0x2</size>
         <input_file_ref idref="fl-2d"/>
      </object_component>
      <object_component id="oc-76">
         <name>.int26</name>
         <load_address>0xffd6</load_address>
         <run_address>0xffd6</run_address>
         <size>0x2</size>
         <input_file_ref idref="fl-2f"/>
      </object_component>
      <object_component id="oc-77">
         <name>.int27</name>
         <load_address>0xffd8</load_address>
         <run_address>0xffd8</run_address>
         <size>0x2</size>
         <input_file_ref idref="fl-30"/>
      </object_component>
      <object_component id="oc-78">
         <name>.int28</name>
         <load_address>0xffda</load_address>
         <run_address>0xffda</run_address>
         <size>0x2</size>
         <input_file_ref idref="fl-31"/>
      </object_component>
      <object_component id="oc-79">
         <name>.int29</name>
         <load_address>0xffdc</load_address>
         <run_address>0xffdc</run_address>
         <size>0x2</size>
         <input_file_ref idref="fl-2"/>
      </object_component>
      <object_component id="oc-7a">
         <name>.int30</name>
         <load_address>0xffde</load_address>
         <run_address>0xffde</run_address>
         <size>0x2</size>
         <input_file_ref idref="fl-32"/>
      </object_component>
      <object_component id="oc-7b">
         <name>.int31</name>
         <load_address>0xffe0</load_address>
         <run_address>0xffe0</run_address>
         <size>0x2</size>
         <input_file_ref idref="fl-33"/>
      </object_component>
      <object_component id="oc-7c">
         <name>.int32</name>
         <load_address>0xffe2</load_address>
         <run_address>0xffe2</run_address>
         <size>0x2</size>
         <input_file_ref idref="fl-34"/>
      </object_component>
      <object_component id="oc-7d">
         <name>.int33</name>
         <load_address>0xffe4</load_address>
         <run_address>0xffe4</run_address>
         <size>0x2</size>
         <input_file_ref idref="fl-35"/>
      </object_component>
      <object_component id="oc-7e">
         <name>.int34</name>
         <load_address>0xffe6</load_address>
         <run_address>0xffe6</run_address>
         <size>0x2</size>
         <input_file_ref idref="fl-36"/>
      </object_component>
      <object_component id="oc-7f">
         <name>.int35</name>
         <load_address>0xffe8</load_address>
         <run_address>0xffe8</run_address>
         <size>0x2</size>
         <input_file_ref idref="fl-37"/>
      </object_component>
      <object_component id="oc-80">
         <name>.int36</name>
         <load_address>0xffea</load_address>
         <run_address>0xffea</run_address>
         <size>0x2</size>
         <input_file_ref idref="fl-a"/>
      </object_component>
      <object_component id="oc-81">
         <name>.int37</name>
         <load_address>0xffec</load_address>
         <run_address>0xffec</run_address>
         <size>0x2</size>
         <input_file_ref idref="fl-38"/>
      </object_component>
      <object_component id="oc-82">
         <name>.int38</name>
         <load_address>0xffee</load_address>
         <run_address>0xffee</run_address>
         <size>0x2</size>
         <input_file_ref idref="fl-9"/>
      </object_component>
      <object_component id="oc-83">
         <name>.int39</name>
         <load_address>0xfff0</load_address>
         <run_address>0xfff0</run_address>
         <size>0x2</size>
         <input_file_ref idref="fl-39"/>
      </object_component>
      <object_component id="oc-84">
         <name>.int40</name>
         <load_address>0xfff2</load_address>
         <run_address>0xfff2</run_address>
         <size>0x2</size>
         <input_file_ref idref="fl-3"/>
      </object_component>
      <object_component id="oc-85">
         <name>.int41</name>
         <load_address>0xfff4</load_address>
         <run_address>0xfff4</run_address>
         <size>0x2</size>
         <input_file_ref idref="fl-3a"/>
      </object_component>
      <object_component id="oc-86">
         <name>.int42</name>
         <load_address>0xfff6</load_address>
         <run_address>0xfff6</run_address>
         <size>0x2</size>
         <input_file_ref idref="fl-2"/>
      </object_component>
      <object_component id="oc-87">
         <name>.int43</name>
         <load_address>0xfff8</load_address>
         <run_address>0xfff8</run_address>
         <size>0x2</size>
         <input_file_ref idref="fl-3b"/>
      </object_component>
      <object_component id="oc-88">
         <name>.int44</name>
         <load_address>0xfffa</load_address>
         <run_address>0xfffa</run_address>
         <size>0x2</size>
         <input_file_ref idref="fl-3c"/>
      </object_component>
      <object_component id="oc-89">
         <name>.int45</name>
         <load_address>0xfffc</load_address>
         <run_address>0xfffc</run_address>
         <size>0x2</size>
         <input_file_ref idref="fl-3d"/>
      </object_component>
      <object_component id="oc-47f">
         <name>.reset</name>
         <load_address>0xfffe</load_address>
         <run_address>0xfffe</run_address>
         <size>0x2</size>
         <input_file_ref idref="fl-4c"/>
      </object_component>
      <object_component id="oc-61e">
         <name>.debug_info</name>
         <load_address>0x0</load_address>
         <run_address>0x0</run_address>
         <size>0x362</size>
         <input_file_ref idref="fl-2"/>
      </object_component>
      <object_component id="oc-54b">
         <name>.debug_info</name>
         <load_address>0x362</load_address>
         <run_address>0x362</run_address>
         <size>0x1dc</size>
         <input_file_ref idref="fl-2"/>
      </object_component>
      <object_component id="oc-54e">
         <name>.debug_info</name>
         <load_address>0x53e</load_address>
         <run_address>0x53e</run_address>
         <size>0x167</size>
         <input_file_ref idref="fl-2"/>
      </object_component>
      <object_component id="oc-520">
         <name>.debug_info</name>
         <load_address>0x6a5</load_address>
         <run_address>0x6a5</run_address>
         <size>0x163</size>
         <input_file_ref idref="fl-2"/>
      </object_component>
      <object_component id="oc-5d6">
         <name>.debug_info</name>
         <load_address>0x808</load_address>
         <run_address>0x808</run_address>
         <size>0x120</size>
         <input_file_ref idref="fl-2"/>
      </object_component>
      <object_component id="oc-4af">
         <name>.debug_info</name>
         <load_address>0x928</load_address>
         <run_address>0x928</run_address>
         <size>0x12a</size>
         <input_file_ref idref="fl-2"/>
      </object_component>
      <object_component id="oc-4c7">
         <name>.debug_info</name>
         <load_address>0xa52</load_address>
         <run_address>0xa52</run_address>
         <size>0x130</size>
         <input_file_ref idref="fl-2"/>
      </object_component>
      <object_component id="oc-58e">
         <name>.debug_info</name>
         <load_address>0xb82</load_address>
         <run_address>0xb82</run_address>
         <size>0x26b</size>
         <input_file_ref idref="fl-2"/>
      </object_component>
      <object_component id="oc-486">
         <name>.debug_info</name>
         <load_address>0xded</load_address>
         <run_address>0xded</run_address>
         <size>0x84</size>
         <input_file_ref idref="fl-2"/>
      </object_component>
      <object_component id="oc-585">
         <name>.debug_info</name>
         <load_address>0xe71</load_address>
         <run_address>0xe71</run_address>
         <size>0x275</size>
         <input_file_ref idref="fl-2"/>
      </object_component>
      <object_component id="oc-517">
         <name>.debug_info</name>
         <load_address>0x10e6</load_address>
         <run_address>0x10e6</run_address>
         <size>0xbb</size>
         <input_file_ref idref="fl-2"/>
      </object_component>
      <object_component id="oc-758">
         <name>.debug_info</name>
         <load_address>0x11a1</load_address>
         <run_address>0x11a1</run_address>
         <size>0x2c</size>
         <input_file_ref idref="fl-2"/>
      </object_component>
      <object_component id="oc-776">
         <name>.debug_info</name>
         <load_address>0x11cd</load_address>
         <run_address>0x11cd</run_address>
         <size>0x1b2</size>
         <input_file_ref idref="fl-2"/>
      </object_component>
      <object_component id="oc-52a">
         <name>.debug_info</name>
         <load_address>0x137f</load_address>
         <run_address>0x137f</run_address>
         <size>0x2f3</size>
         <input_file_ref idref="fl-3"/>
      </object_component>
      <object_component id="oc-748">
         <name>.debug_info</name>
         <load_address>0x1672</load_address>
         <run_address>0x1672</run_address>
         <size>0x153</size>
         <input_file_ref idref="fl-3"/>
      </object_component>
      <object_component id="oc-5be">
         <name>.debug_info</name>
         <load_address>0x17c5</load_address>
         <run_address>0x17c5</run_address>
         <size>0x138</size>
         <input_file_ref idref="fl-3"/>
      </object_component>
      <object_component id="oc-4c1">
         <name>.debug_info</name>
         <load_address>0x18fd</load_address>
         <run_address>0x18fd</run_address>
         <size>0x11d</size>
         <input_file_ref idref="fl-3"/>
      </object_component>
      <object_component id="oc-6f5">
         <name>.debug_info</name>
         <load_address>0x1a1a</load_address>
         <run_address>0x1a1a</run_address>
         <size>0x1bb</size>
         <input_file_ref idref="fl-4"/>
      </object_component>
      <object_component id="oc-6b2">
         <name>.debug_info</name>
         <load_address>0x1bd5</load_address>
         <run_address>0x1bd5</run_address>
         <size>0xf8</size>
         <input_file_ref idref="fl-4"/>
      </object_component>
      <object_component id="oc-6f2">
         <name>.debug_info</name>
         <load_address>0x1ccd</load_address>
         <run_address>0x1ccd</run_address>
         <size>0xd9</size>
         <input_file_ref idref="fl-4"/>
      </object_component>
      <object_component id="oc-68b">
         <name>.debug_info</name>
         <load_address>0x1da6</load_address>
         <run_address>0x1da6</run_address>
         <size>0x248</size>
         <input_file_ref idref="fl-4"/>
      </object_component>
      <object_component id="oc-729">
         <name>.debug_info</name>
         <load_address>0x1fee</load_address>
         <run_address>0x1fee</run_address>
         <size>0x236</size>
         <input_file_ref idref="fl-4"/>
      </object_component>
      <object_component id="oc-645">
         <name>.debug_info</name>
         <load_address>0x2224</load_address>
         <run_address>0x2224</run_address>
         <size>0x146</size>
         <input_file_ref idref="fl-4"/>
      </object_component>
      <object_component id="oc-72f">
         <name>.debug_info</name>
         <load_address>0x236a</load_address>
         <run_address>0x236a</run_address>
         <size>0x212</size>
         <input_file_ref idref="fl-4"/>
      </object_component>
      <object_component id="oc-77b">
         <name>.debug_info</name>
         <load_address>0x257c</load_address>
         <run_address>0x257c</run_address>
         <size>0x80c</size>
         <input_file_ref idref="fl-5"/>
      </object_component>
      <object_component id="oc-738">
         <name>.debug_info</name>
         <load_address>0x2d88</load_address>
         <run_address>0x2d88</run_address>
         <size>0xdf</size>
         <input_file_ref idref="fl-5"/>
      </object_component>
      <object_component id="oc-73b">
         <name>.debug_info</name>
         <load_address>0x2e67</load_address>
         <run_address>0x2e67</run_address>
         <size>0xdf</size>
         <input_file_ref idref="fl-5"/>
      </object_component>
      <object_component id="oc-740">
         <name>.debug_info</name>
         <load_address>0x2f46</load_address>
         <run_address>0x2f46</run_address>
         <size>0xdd</size>
         <input_file_ref idref="fl-5"/>
      </object_component>
      <object_component id="oc-743">
         <name>.debug_info</name>
         <load_address>0x3023</load_address>
         <run_address>0x3023</run_address>
         <size>0xdf</size>
         <input_file_ref idref="fl-5"/>
      </object_component>
      <object_component id="oc-548">
         <name>.debug_info</name>
         <load_address>0x3102</load_address>
         <run_address>0x3102</run_address>
         <size>0x100</size>
         <input_file_ref idref="fl-5"/>
      </object_component>
      <object_component id="oc-565">
         <name>.debug_info</name>
         <load_address>0x3202</load_address>
         <run_address>0x3202</run_address>
         <size>0x1e6</size>
         <input_file_ref idref="fl-5"/>
      </object_component>
      <object_component id="oc-6f9">
         <name>.debug_info</name>
         <load_address>0x33e8</load_address>
         <run_address>0x33e8</run_address>
         <size>0x6a7</size>
         <input_file_ref idref="fl-5"/>
      </object_component>
      <object_component id="oc-5a8">
         <name>.debug_info</name>
         <load_address>0x3a8f</load_address>
         <run_address>0x3a8f</run_address>
         <size>0x125</size>
         <input_file_ref idref="fl-5"/>
      </object_component>
      <object_component id="oc-5b4">
         <name>.debug_info</name>
         <load_address>0x3bb4</load_address>
         <run_address>0x3bb4</run_address>
         <size>0x11a</size>
         <input_file_ref idref="fl-5"/>
      </object_component>
      <object_component id="oc-5b8">
         <name>.debug_info</name>
         <load_address>0x3cce</load_address>
         <run_address>0x3cce</run_address>
         <size>0x115</size>
         <input_file_ref idref="fl-6"/>
      </object_component>
      <object_component id="oc-701">
         <name>.debug_info</name>
         <load_address>0x3de3</load_address>
         <run_address>0x3de3</run_address>
         <size>0x3f0</size>
         <input_file_ref idref="fl-7"/>
      </object_component>
      <object_component id="oc-6fe">
         <name>.debug_info</name>
         <load_address>0x41d3</load_address>
         <run_address>0x41d3</run_address>
         <size>0xea</size>
         <input_file_ref idref="fl-7"/>
      </object_component>
      <object_component id="oc-76a">
         <name>.debug_info</name>
         <load_address>0x42bd</load_address>
         <run_address>0x42bd</run_address>
         <size>0x263</size>
         <input_file_ref idref="fl-7"/>
      </object_component>
      <object_component id="oc-5c5">
         <name>.debug_info</name>
         <load_address>0x4520</load_address>
         <run_address>0x4520</run_address>
         <size>0x13e</size>
         <input_file_ref idref="fl-7"/>
      </object_component>
      <object_component id="oc-698">
         <name>.debug_info</name>
         <load_address>0x465e</load_address>
         <run_address>0x465e</run_address>
         <size>0x1b6</size>
         <input_file_ref idref="fl-7"/>
      </object_component>
      <object_component id="oc-703">
         <name>.debug_info</name>
         <load_address>0x4814</load_address>
         <run_address>0x4814</run_address>
         <size>0x221</size>
         <input_file_ref idref="fl-7"/>
      </object_component>
      <object_component id="oc-5dc">
         <name>.debug_info</name>
         <load_address>0x4a35</load_address>
         <run_address>0x4a35</run_address>
         <size>0x411</size>
         <input_file_ref idref="fl-8"/>
      </object_component>
      <object_component id="oc-527">
         <name>.debug_info</name>
         <load_address>0x4e46</load_address>
         <run_address>0x4e46</run_address>
         <size>0xe3</size>
         <input_file_ref idref="fl-8"/>
      </object_component>
      <object_component id="oc-5ae">
         <name>.debug_info</name>
         <load_address>0x4f29</load_address>
         <run_address>0x4f29</run_address>
         <size>0x13b</size>
         <input_file_ref idref="fl-8"/>
      </object_component>
      <object_component id="oc-625">
         <name>.debug_info</name>
         <load_address>0x5064</load_address>
         <run_address>0x5064</run_address>
         <size>0x118</size>
         <input_file_ref idref="fl-8"/>
      </object_component>
      <object_component id="oc-686">
         <name>.debug_info</name>
         <load_address>0x517c</load_address>
         <run_address>0x517c</run_address>
         <size>0x118</size>
         <input_file_ref idref="fl-8"/>
      </object_component>
      <object_component id="oc-6ea">
         <name>.debug_info</name>
         <load_address>0x5294</load_address>
         <run_address>0x5294</run_address>
         <size>0x118</size>
         <input_file_ref idref="fl-8"/>
      </object_component>
      <object_component id="oc-62c">
         <name>.debug_info</name>
         <load_address>0x53ac</load_address>
         <run_address>0x53ac</run_address>
         <size>0x129</size>
         <input_file_ref idref="fl-8"/>
      </object_component>
      <object_component id="oc-693">
         <name>.debug_info</name>
         <load_address>0x54d5</load_address>
         <run_address>0x54d5</run_address>
         <size>0x11c</size>
         <input_file_ref idref="fl-8"/>
      </object_component>
      <object_component id="oc-634">
         <name>.debug_info</name>
         <load_address>0x55f1</load_address>
         <run_address>0x55f1</run_address>
         <size>0x126</size>
         <input_file_ref idref="fl-8"/>
      </object_component>
      <object_component id="oc-6a0">
         <name>.debug_info</name>
         <load_address>0x5717</load_address>
         <run_address>0x5717</run_address>
         <size>0x1dc</size>
         <input_file_ref idref="fl-8"/>
      </object_component>
      <object_component id="oc-63a">
         <name>.debug_info</name>
         <load_address>0x58f3</load_address>
         <run_address>0x58f3</run_address>
         <size>0x122</size>
         <input_file_ref idref="fl-8"/>
      </object_component>
      <object_component id="oc-6ad">
         <name>.debug_info</name>
         <load_address>0x5a15</load_address>
         <run_address>0x5a15</run_address>
         <size>0x124</size>
         <input_file_ref idref="fl-8"/>
      </object_component>
      <object_component id="oc-59c">
         <name>.debug_info</name>
         <load_address>0x5b39</load_address>
         <run_address>0x5b39</run_address>
         <size>0x11c</size>
         <input_file_ref idref="fl-9"/>
      </object_component>
      <object_component id="oc-5cc">
         <name>.debug_info</name>
         <load_address>0x5c55</load_address>
         <run_address>0x5c55</run_address>
         <size>0x147</size>
         <input_file_ref idref="fl-9"/>
      </object_component>
      <object_component id="oc-53c">
         <name>.debug_info</name>
         <load_address>0x5d9c</load_address>
         <run_address>0x5d9c</run_address>
         <size>0x1d9</size>
         <input_file_ref idref="fl-9"/>
      </object_component>
      <object_component id="oc-543">
         <name>.debug_info</name>
         <load_address>0x5f75</load_address>
         <run_address>0x5f75</run_address>
         <size>0x1d9</size>
         <input_file_ref idref="fl-9"/>
      </object_component>
      <object_component id="oc-4bd">
         <name>.debug_info</name>
         <load_address>0x614e</load_address>
         <run_address>0x614e</run_address>
         <size>0x150</size>
         <input_file_ref idref="fl-9"/>
      </object_component>
      <object_component id="oc-746">
         <name>.debug_info</name>
         <load_address>0x629e</load_address>
         <run_address>0x629e</run_address>
         <size>0x792</size>
         <input_file_ref idref="fl-a"/>
      </object_component>
      <object_component id="oc-513">
         <name>.debug_info</name>
         <load_address>0x6a30</load_address>
         <run_address>0x6a30</run_address>
         <size>0x136</size>
         <input_file_ref idref="fl-a"/>
      </object_component>
      <object_component id="oc-5d3">
         <name>.debug_info</name>
         <load_address>0x6b66</load_address>
         <run_address>0x6b66</run_address>
         <size>0x12d</size>
         <input_file_ref idref="fl-a"/>
      </object_component>
      <object_component id="oc-6a8">
         <name>.debug_info</name>
         <load_address>0x6c93</load_address>
         <run_address>0x6c93</run_address>
         <size>0x490</size>
         <input_file_ref idref="fl-a"/>
      </object_component>
      <object_component id="oc-718">
         <name>.debug_info</name>
         <load_address>0x7123</load_address>
         <run_address>0x7123</run_address>
         <size>0x17c</size>
         <input_file_ref idref="fl-a"/>
      </object_component>
      <object_component id="oc-789">
         <name>.debug_info</name>
         <load_address>0x729f</load_address>
         <run_address>0x729f</run_address>
         <size>0x15a</size>
         <input_file_ref idref="fl-a"/>
      </object_component>
      <object_component id="oc-4b8">
         <name>.debug_info</name>
         <load_address>0x73f9</load_address>
         <run_address>0x73f9</run_address>
         <size>0x142</size>
         <input_file_ref idref="fl-a"/>
      </object_component>
      <object_component id="oc-4a7">
         <name>.debug_info</name>
         <load_address>0x753b</load_address>
         <run_address>0x753b</run_address>
         <size>0x111</size>
         <input_file_ref idref="fl-a"/>
      </object_component>
      <object_component id="oc-4a1">
         <name>.debug_info</name>
         <load_address>0x764c</load_address>
         <run_address>0x764c</run_address>
         <size>0x136</size>
         <input_file_ref idref="fl-a"/>
      </object_component>
      <object_component id="oc-49b">
         <name>.debug_info</name>
         <load_address>0x7782</load_address>
         <run_address>0x7782</run_address>
         <size>0x114</size>
         <input_file_ref idref="fl-a"/>
      </object_component>
      <object_component id="oc-67">
         <name>.debug_info</name>
         <load_address>0x7896</load_address>
         <run_address>0x7896</run_address>
         <size>0x2b8</size>
         <input_file_ref idref="fl-2b"/>
      </object_component>
      <object_component id="oc-57e">
         <name>.debug_info</name>
         <load_address>0x7b4e</load_address>
         <run_address>0x7b4e</run_address>
         <size>0x46</size>
         <input_file_ref idref="fl-2b"/>
      </object_component>
      <object_component id="oc-50a">
         <name>.debug_info</name>
         <load_address>0x7b94</load_address>
         <run_address>0x7b94</run_address>
         <size>0x39</size>
         <input_file_ref idref="fl-2b"/>
      </object_component>
      <object_component id="oc-481">
         <name>.debug_info</name>
         <load_address>0x7bcd</load_address>
         <run_address>0x7bcd</run_address>
         <size>0x60</size>
         <input_file_ref idref="fl-2b"/>
      </object_component>
      <object_component id="oc-496">
         <name>.debug_info</name>
         <load_address>0x7c2d</load_address>
         <run_address>0x7c2d</run_address>
         <size>0x1da</size>
         <input_file_ref idref="fl-2c"/>
      </object_component>
      <object_component id="oc-6d">
         <name>.debug_info</name>
         <load_address>0x7e07</load_address>
         <run_address>0x7e07</run_address>
         <size>0x1f2</size>
         <input_file_ref idref="fl-2c"/>
      </object_component>
      <object_component id="oc-491">
         <name>.debug_info</name>
         <load_address>0x7ff9</load_address>
         <run_address>0x7ff9</run_address>
         <size>0x46</size>
         <input_file_ref idref="fl-2c"/>
      </object_component>
      <object_component id="oc-4ab">
         <name>.debug_info</name>
         <load_address>0x803f</load_address>
         <run_address>0x803f</run_address>
         <size>0x112</size>
         <input_file_ref idref="fl-2e"/>
      </object_component>
      <object_component id="oc-4ce">
         <name>.debug_info</name>
         <load_address>0x8151</load_address>
         <run_address>0x8151</run_address>
         <size>0x1d3</size>
         <input_file_ref idref="fl-3e"/>
      </object_component>
      <object_component id="oc-556">
         <name>.debug_info</name>
         <load_address>0x8324</load_address>
         <run_address>0x8324</run_address>
         <size>0x46</size>
         <input_file_ref idref="fl-3e"/>
      </object_component>
      <object_component id="oc-48c">
         <name>.debug_info</name>
         <load_address>0x836a</load_address>
         <run_address>0x836a</run_address>
         <size>0x124</size>
         <input_file_ref idref="fl-3f"/>
      </object_component>
      <object_component id="oc-712">
         <name>.debug_info</name>
         <load_address>0x848e</load_address>
         <run_address>0x848e</run_address>
         <size>0x124</size>
         <input_file_ref idref="fl-40"/>
      </object_component>
      <object_component id="oc-534">
         <name>.debug_info</name>
         <load_address>0x85b2</load_address>
         <run_address>0x85b2</run_address>
         <size>0x126</size>
         <input_file_ref idref="fl-41"/>
      </object_component>
      <object_component id="oc-597">
         <name>.debug_info</name>
         <load_address>0x86d8</load_address>
         <run_address>0x86d8</run_address>
         <size>0x133</size>
         <input_file_ref idref="fl-44"/>
      </object_component>
      <object_component id="oc-530">
         <name>.debug_info</name>
         <load_address>0x880b</load_address>
         <run_address>0x880b</run_address>
         <size>0x129</size>
         <input_file_ref idref="fl-48"/>
      </object_component>
      <object_component id="oc-7a1">
         <name>.debug_info</name>
         <load_address>0x8934</load_address>
         <run_address>0x8934</run_address>
         <size>0x129</size>
         <input_file_ref idref="fl-49"/>
      </object_component>
      <object_component id="oc-7a9">
         <name>.debug_info</name>
         <load_address>0x8a5d</load_address>
         <run_address>0x8a5d</run_address>
         <size>0x188</size>
         <input_file_ref idref="fl-4b"/>
      </object_component>
      <object_component id="oc-47d">
         <name>.debug_info</name>
         <load_address>0x8be5</load_address>
         <run_address>0x8be5</run_address>
         <size>0x100</size>
         <input_file_ref idref="fl-4c"/>
      </object_component>
      <object_component id="oc-4df">
         <name>.debug_info</name>
         <load_address>0x8ce5</load_address>
         <run_address>0x8ce5</run_address>
         <size>0x17a</size>
         <input_file_ref idref="fl-4c"/>
      </object_component>
      <object_component id="oc-667">
         <name>.debug_info</name>
         <load_address>0x8e5f</load_address>
         <run_address>0x8e5f</run_address>
         <size>0x4a8</size>
         <input_file_ref idref="fl-4f"/>
      </object_component>
      <object_component id="oc-604">
         <name>.debug_info</name>
         <load_address>0x9307</load_address>
         <run_address>0x9307</run_address>
         <size>0x216</size>
         <input_file_ref idref="fl-4f"/>
      </object_component>
      <object_component id="oc-6cc">
         <name>.debug_info</name>
         <load_address>0x951d</load_address>
         <run_address>0x951d</run_address>
         <size>0x39</size>
         <input_file_ref idref="fl-4f"/>
      </object_component>
      <object_component id="oc-6e3">
         <name>.debug_info</name>
         <load_address>0x9556</load_address>
         <run_address>0x9556</run_address>
         <size>0x2c</size>
         <input_file_ref idref="fl-4f"/>
      </object_component>
      <object_component id="oc-672">
         <name>.debug_info</name>
         <load_address>0x9582</load_address>
         <run_address>0x9582</run_address>
         <size>0x2c</size>
         <input_file_ref idref="fl-4f"/>
      </object_component>
      <object_component id="oc-6d1">
         <name>.debug_info</name>
         <load_address>0x95ae</load_address>
         <run_address>0x95ae</run_address>
         <size>0xcd</size>
         <input_file_ref idref="fl-4f"/>
      </object_component>
      <object_component id="oc-661">
         <name>.debug_info</name>
         <load_address>0x967b</load_address>
         <run_address>0x967b</run_address>
         <size>0x150</size>
         <input_file_ref idref="fl-50"/>
      </object_component>
      <object_component id="oc-55e">
         <name>.debug_info</name>
         <load_address>0x97cb</load_address>
         <run_address>0x97cb</run_address>
         <size>0x153</size>
         <input_file_ref idref="fl-51"/>
      </object_component>
      <object_component id="oc-5e0">
         <name>.debug_info</name>
         <load_address>0x991e</load_address>
         <run_address>0x991e</run_address>
         <size>0x122</size>
         <input_file_ref idref="fl-54"/>
      </object_component>
      <object_component id="oc-757">
         <name>.debug_info</name>
         <load_address>0x9a40</load_address>
         <run_address>0x9a40</run_address>
         <size>0x181</size>
         <input_file_ref idref="fl-57"/>
      </object_component>
      <object_component id="oc-6dc">
         <name>.debug_info</name>
         <load_address>0x9bc1</load_address>
         <run_address>0x9bc1</run_address>
         <size>0x17a</size>
         <input_file_ref idref="fl-57"/>
      </object_component>
      <object_component id="oc-783">
         <name>.debug_info</name>
         <load_address>0x9d3b</load_address>
         <run_address>0x9d3b</run_address>
         <size>0x16d</size>
         <input_file_ref idref="fl-58"/>
      </object_component>
      <object_component id="oc-70a">
         <name>.debug_info</name>
         <load_address>0x9ea8</load_address>
         <run_address>0x9ea8</run_address>
         <size>0x27b</size>
         <input_file_ref idref="fl-58"/>
      </object_component>
      <object_component id="oc-78d">
         <name>.debug_info</name>
         <load_address>0xa123</load_address>
         <run_address>0xa123</run_address>
         <size>0x17c</size>
         <input_file_ref idref="fl-59"/>
      </object_component>
      <object_component id="oc-71d">
         <name>.debug_info</name>
         <load_address>0xa29f</load_address>
         <run_address>0xa29f</run_address>
         <size>0x26d</size>
         <input_file_ref idref="fl-59"/>
      </object_component>
      <object_component id="oc-78f">
         <name>.debug_info</name>
         <load_address>0xa50c</load_address>
         <run_address>0xa50c</run_address>
         <size>0x162</size>
         <input_file_ref idref="fl-5a"/>
      </object_component>
      <object_component id="oc-723">
         <name>.debug_info</name>
         <load_address>0xa66e</load_address>
         <run_address>0xa66e</run_address>
         <size>0x236</size>
         <input_file_ref idref="fl-5a"/>
      </object_component>
      <object_component id="oc-81e">
         <name>.debug_info</name>
         <load_address>0xa8a4</load_address>
         <run_address>0xa8a4</run_address>
         <size>0xaa</size>
      </object_component>
      <object_component id="oc-682">
         <name>.debug_line</name>
         <load_address>0x0</load_address>
         <run_address>0x0</run_address>
         <size>0x6a</size>
         <input_file_ref idref="fl-2"/>
      </object_component>
      <object_component id="oc-5a3">
         <name>.debug_line</name>
         <load_address>0x6a</load_address>
         <run_address>0x6a</run_address>
         <size>0x33</size>
         <input_file_ref idref="fl-2"/>
      </object_component>
      <object_component id="oc-551">
         <name>.debug_line</name>
         <load_address>0x9d</load_address>
         <run_address>0x9d</run_address>
         <size>0x4c</size>
         <input_file_ref idref="fl-2"/>
      </object_component>
      <object_component id="oc-51f">
         <name>.debug_line</name>
         <load_address>0xe9</load_address>
         <run_address>0xe9</run_address>
         <size>0x7e</size>
         <input_file_ref idref="fl-2"/>
      </object_component>
      <object_component id="oc-5d9">
         <name>.debug_line</name>
         <load_address>0x167</load_address>
         <run_address>0x167</run_address>
         <size>0x5c</size>
         <input_file_ref idref="fl-2"/>
      </object_component>
      <object_component id="oc-4b2">
         <name>.debug_line</name>
         <load_address>0x1c3</load_address>
         <run_address>0x1c3</run_address>
         <size>0x4f</size>
         <input_file_ref idref="fl-2"/>
      </object_component>
      <object_component id="oc-4cb">
         <name>.debug_line</name>
         <load_address>0x212</load_address>
         <run_address>0x212</run_address>
         <size>0x5d</size>
         <input_file_ref idref="fl-2"/>
      </object_component>
      <object_component id="oc-591">
         <name>.debug_line</name>
         <load_address>0x26f</load_address>
         <run_address>0x26f</run_address>
         <size>0x6c</size>
         <input_file_ref idref="fl-2"/>
      </object_component>
      <object_component id="oc-489">
         <name>.debug_line</name>
         <load_address>0x2db</load_address>
         <run_address>0x2db</run_address>
         <size>0x20</size>
         <input_file_ref idref="fl-2"/>
      </object_component>
      <object_component id="oc-588">
[...]
         <value>0x9728</value>
         <object_component_ref idref="oc-5b1"/>
      </symbol>
      <symbol id="sm-591">
         <name>tune_task</name>
         <value>0x20b7</value>
         <object_component_ref idref="oc-547"/>
      </symbol>
      <symbol id="sm-592">
         <name>main</name>
         <value>0x9a4a</value>
         <object_component_ref idref="oc-562"/>
      </symbol>
      <symbol id="sm-593">
         <name>tune</name>
         <value>0x8182</value>
         <object_component_ref idref="oc-6f6"/>
      </symbol>
      <symbol id="sm-594">
         <name>ind2_val</name>
         <value>0x20a4</value>
         <object_component_ref idref="oc-73a"/>
      </symbol>
      <symbol id="sm-595">
         <name>adc_flg</name>
         <value>0x20b8</value>
         <object_component_ref idref="oc-547"/>
      </symbol>
      <symbol id="sm-59e">
         <name>initialize_relay</name>
         <value>0x9cf0</value>
         <object_component_ref idref="oc-5b7"/>
      </symbol>
      <symbol id="sm-5d8">
         <name>update_swr</name>
         <value>0x95de</value>
         <object_component_ref idref="oc-702"/>
      </symbol>
      <symbol id="sm-5d9">
         <name>update_digipot</name>
         <value>0x9434</value>
         <object_component_ref idref="oc-697"/>
      </symbol>
      <symbol id="sm-5da">
         <name>initialize_spi</name>
         <value>0x9cd2</value>
         <object_component_ref idref="oc-5c3"/>
      </symbol>
      <symbol id="sm-5db">
         <name>DATA_BYTE</name>
         <value>0x20a3</value>
         <object_component_ref idref="oc-6fd"/>
      </symbol>
      <symbol id="sm-5dc">
         <name>calculate_ref_coeff</name>
         <value>0x92c0</value>
         <object_component_ref idref="oc-769"/>
      </symbol>
      <symbol id="sm-636">
         <name>Alpha_State_Ptr</name>
         <value>0x2070</value>
      </symbol>
      <symbol id="sm-637">
         <name>A_Task_Ptr</name>
         <value>0x206c</value>
      </symbol>
      <symbol id="sm-638">
         <name>B_Task_Ptr</name>
         <value>0x2074</value>
      </symbol>
      <symbol id="sm-639">
         <name>C_Task_Ptr</name>
         <value>0x2078</value>
      </symbol>
      <symbol id="sm-63a">
         <name>task_flag</name>
         <value>0x20af</value>
         <object_component_ref idref="oc-526"/>
      </symbol>
      <symbol id="sm-63b">
         <name>initialize_task_manager</name>
         <value>0x98a8</value>
         <object_component_ref idref="oc-5ab"/>
      </symbol>
      <symbol id="sm-63c">
         <name>C2</name>
         <value>0x9dfc</value>
         <object_component_ref idref="oc-6aa"/>
      </symbol>
      <symbol id="sm-63d">
         <name>C1</name>
         <value>0x9dee</value>
         <object_component_ref idref="oc-637"/>
      </symbol>
      <symbol id="sm-63e">
         <name>C0</name>
         <value>0x9d56</value>
         <object_component_ref idref="oc-6e8"/>
      </symbol>
      <symbol id="sm-63f">
         <name>B2</name>
         <value>0x978e</value>
         <object_component_ref idref="oc-69d"/>
      </symbol>
      <symbol id="sm-640">
         <name>B1</name>
         <value>0x9de0</value>
         <object_component_ref idref="oc-630"/>
      </symbol>
      <symbol id="sm-641">
         <name>B0</name>
         <value>0x9d3e</value>
         <object_component_ref idref="oc-683"/>
      </symbol>
      <symbol id="sm-642">
         <name>A2</name>
         <value>0x9d84</value>
         <object_component_ref idref="oc-690"/>
      </symbol>
      <symbol id="sm-643">
         <name>A1</name>
         <value>0x9dd2</value>
         <object_component_ref idref="oc-629"/>
      </symbol>
      <symbol id="sm-644">
         <name>A0</name>
         <value>0x9d26</value>
         <object_component_ref idref="oc-623"/>
      </symbol>
      <symbol id="sm-685">
         <name>__TI_int38</name>
         <value>0xffee</value>
         <object_component_ref idref="oc-82"/>
      </symbol>
      <symbol id="sm-686">
         <name>cap_motor_task</name>
         <value>0x20b9</value>
         <object_component_ref idref="oc-59b"/>
      </symbol>
      <symbol id="sm-687">
         <name>step_ind_motor</name>
         <value>0x91ec</value>
         <object_component_ref idref="oc-53f"/>
      </symbol>
      <symbol id="sm-688">
         <name>ind_motor_task</name>
         <value>0x20ba</value>
         <object_component_ref idref="oc-59b"/>
      </symbol>
      <symbol id="sm-689">
         <name>initialize_stepper_control</name>
         <value>0x99fe</value>
         <object_component_ref idref="oc-5c9"/>
      </symbol>
      <symbol id="sm-68a">
         <name>Timer2_B1</name>
         <value>0xa054</value>
         <object_component_ref idref="oc-4ba"/>
      </symbol>
      <symbol id="sm-68b">
         <name>step_cap_motor</name>
         <value>0x9114</value>
         <object_component_ref idref="oc-539"/>
      </symbol>
      <symbol id="sm-706">
         <name>MODE_SWITCH</name>
         <value>0x20b4</value>
         <object_component_ref idref="oc-512"/>
      </symbol>
      <symbol id="sm-707">
         <name>__TI_int24</name>
         <value>0xffd2</value>
         <object_component_ref idref="oc-74"/>
      </symbol>
      <symbol id="sm-708">
         <name>__TI_int22</name>
         <value>0xffce</value>
         <object_component_ref idref="oc-72"/>
      </symbol>
      <symbol id="sm-709">
         <name>__TI_int23</name>
         <value>0xffd0</value>
         <object_component_ref idref="oc-73"/>
      </symbol>
      <symbol id="sm-70a">
         <name>__TI_int36</name>
         <value>0xffea</value>
         <object_component_ref idref="oc-80"/>
      </symbol>
      <symbol id="sm-70b">
         <name>reverse</name>
         <value>0x9958</value>
         <object_component_ref idref="oc-785"/>
      </symbol>
      <symbol id="sm-70c">
         <name>lcd_update</name>
         <value>0x87f2</value>
         <object_component_ref idref="oc-6a4"/>
      </symbol>
      <symbol id="sm-70d">
         <name>Port_3</name>
         <value>0x9e24</value>
         <object_component_ref idref="oc-49d"/>
      </symbol>
      <symbol id="sm-70e">
         <name>Port_2</name>
         <value>0x9f72</value>
         <object_component_ref idref="oc-4a3"/>
      </symbol>
      <symbol id="sm-70f">
         <name>Port_4</name>
         <value>0xa024</value>
         <object_component_ref idref="oc-497"/>
      </symbol>
      <symbol id="sm-710">
         <name>ui_init</name>
         <value>0x9566</value>
         <object_component_ref idref="oc-5cf"/>
      </symbol>
      <symbol id="sm-711">
         <name>Timer3_B1</name>
         <value>0x9ed4</value>
         <object_component_ref idref="oc-4b4"/>
      </symbol>
      <symbol id="sm-712">
         <name>display_menu</name>
         <value>0x20b6</value>
         <object_component_ref idref="oc-512"/>
      </symbol>
      <symbol id="sm-713">
         <name>utoa</name>
         <value>0x97f0</value>
         <object_component_ref idref="oc-714"/>
      </symbol>
      <symbol id="sm-714">
         <name>button_press</name>
         <value>0x20b5</value>
         <object_component_ref idref="oc-512"/>
      </symbol>
      <symbol id="sm-72e">
         <name>_IQ19div</name>
         <value>0x8ba6</value>
         <object_component_ref idref="oc-79f"/>
      </symbol>
      <symbol id="sm-72f">
         <name>_IQ16div</name>
         <value>0x89d4</value>
         <object_component_ref idref="oc-770"/>
      </symbol>
      <symbol id="sm-732">
         <name>_IQ16mpy</name>
         <value>0x9bfe</value>
         <object_component_ref idref="oc-771"/>
      </symbol>
      <symbol id="sm-740">
         <name>_IQ16sqrt</name>
         <value>0x8eec</value>
         <object_component_ref idref="oc-774"/>
      </symbol>
      <symbol id="sm-744">
         <name>_IQ14sqrt_lookup</name>
         <value>0x8030</value>
         <object_component_ref idref="oc-7ad"/>
      </symbol>
      <symbol id="sm-745">
         <name>_IQ6div_lookup</name>
         <value>0x80f0</value>
         <object_component_ref idref="oc-7ac"/>
      </symbol>
      <symbol id="sm-759">
         <name>_IQ16toa</name>
         <value>0x85e2</value>
         <object_component_ref idref="oc-773"/>
      </symbol>
      <symbol id="sm-77a">
         <name>__TI_decompress_lzss</name>
         <value>0x9026</value>
         <object_component_ref idref="oc-66"/>
      </symbol>
      <symbol id="sm-78b">
         <name>__TI_decompress_none</name>
         <value>0x9b88</value>
         <object_component_ref idref="oc-6c"/>
      </symbol>
      <symbol id="sm-78e">
         <name>__TI_int25</name>
         <value>0xffd4</value>
         <object_component_ref idref="oc-75"/>
      </symbol>
      <symbol id="sm-796">
         <name>__TI_ISR_TRAP</name>
         <value>0xa0a0</value>
         <object_component_ref idref="oc-4a9"/>
      </symbol>
      <symbol id="sm-799">
         <name>__TI_int26</name>
         <value>0xffd6</value>
         <object_component_ref idref="oc-76"/>
      </symbol>
      <symbol id="sm-79c">
         <name>__TI_int27</name>
         <value>0xffd8</value>
         <object_component_ref idref="oc-77"/>
      </symbol>
      <symbol id="sm-79f">
         <name>__TI_int28</name>
         <value>0xffda</value>
         <object_component_ref idref="oc-78"/>
      </symbol>
      <symbol id="sm-7a2">
         <name>__TI_int30</name>
         <value>0xffde</value>
         <object_component_ref idref="oc-7a"/>
      </symbol>
      <symbol id="sm-7a5">
         <name>__TI_int31</name>
         <value>0xffe0</value>
         <object_component_ref idref="oc-7b"/>
      </symbol>
      <symbol id="sm-7a8">
         <name>__TI_int32</name>
         <value>0xffe2</value>
         <object_component_ref idref="oc-7c"/>
      </symbol>
      <symbol id="sm-7ab">
         <name>__TI_int33</name>
         <value>0xffe4</value>
         <object_component_ref idref="oc-7d"/>
      </symbol>
      <symbol id="sm-7ae">
         <name>__TI_int34</name>
         <value>0xffe6</value>
         <object_component_ref idref="oc-7e"/>
      </symbol>
      <symbol id="sm-7b1">
         <name>__TI_int35</name>
         <value>0xffe8</value>
         <object_component_ref idref="oc-7f"/>
      </symbol>
      <symbol id="sm-7b4">
         <name>__TI_int37</name>
         <value>0xffec</value>
         <object_component_ref idref="oc-81"/>
      </symbol>
      <symbol id="sm-7b7">
         <name>__TI_int39</name>
         <value>0xfff0</value>
         <object_component_ref idref="oc-83"/>
      </symbol>
      <symbol id="sm-7ba">
         <name>__TI_int41</name>
         <value>0xfff4</value>
         <object_component_ref idref="oc-85"/>
      </symbol>
      <symbol id="sm-7bd">
         <name>__TI_int43</name>
         <value>0xfff8</value>
         <object_component_ref idref="oc-87"/>
      </symbol>
      <symbol id="sm-7c0">
         <name>__TI_int44</name>
         <value>0xfffa</value>
         <object_component_ref idref="oc-88"/>
      </symbol>
      <symbol id="sm-7c3">
         <name>__TI_int45</name>
         <value>0xfffc</value>
         <object_component_ref idref="oc-89"/>
      </symbol>
      <symbol id="sm-7d3">
         <name>__TI_zero_init_nomemset</name>
         <value>0x9ace</value>
         <object_component_ref idref="oc-4cc"/>
      </symbol>
      <symbol id="sm-7de">
         <name>__memcpy_far</name>
         <value>0x9a8e</value>
         <object_component_ref idref="oc-48b"/>
      </symbol>
      <symbol id="sm-7e8">
         <name>__mspabi_remu</name>
         <value>0x9d6e</value>
         <object_component_ref idref="oc-70f"/>
      </symbol>
      <symbol id="sm-7e9">
         <name>__mspabi_divu</name>
         <value>0x9d6e</value>
         <object_component_ref idref="oc-70f"/>
      </symbol>
      <symbol id="sm-7f7">
         <name>__mspabi_remul</name>
         <value>0x9900</value>
         <object_component_ref idref="oc-532"/>
      </symbol>
      <symbol id="sm-7f8">
         <name>__mspabi_divul</name>
         <value>0x9900</value>
         <object_component_ref idref="oc-532"/>
      </symbol>
      <symbol id="sm-802">
         <name>__mspabi_mpyl_f5hw</name>
         <value>0x9cae</value>
         <object_component_ref idref="oc-596"/>
      </symbol>
      <symbol id="sm-80d">
         <name>__mspabi_slll_9</name>
         <value>0x9b62</value>
         <object_component_ref idref="oc-52d"/>
      </symbol>
      <symbol id="sm-80e">
         <name>__mspabi_slll_8</name>
         <value>0x9b66</value>
         <object_component_ref idref="oc-52d"/>
      </symbol>
      <symbol id="sm-80f">
         <name>__mspabi_slll_7</name>
         <value>0x9b6a</value>
         <object_component_ref idref="oc-52d"/>
      </symbol>
      <symbol id="sm-810">
         <name>__mspabi_slll_6</name>
         <value>0x9b6e</value>
         <object_component_ref idref="oc-52d"/>
      </symbol>
      <symbol id="sm-811">
         <name>__mspabi_slll_5</name>
         <value>0x9b72</value>
         <object_component_ref idref="oc-52d"/>
      </symbol>
      <symbol id="sm-812">
         <name>__mspabi_slll_4</name>
         <value>0x9b76</value>
         <object_component_ref idref="oc-52d"/>
      </symbol>
      <symbol id="sm-813">
         <name>__mspabi_slll_3</name>
         <value>0x9b7a</value>
         <object_component_ref idref="oc-52d"/>
      </symbol>
      <symbol id="sm-814">
         <name>__mspabi_slll_2</name>
         <value>0x9b7e</value>
         <object_component_ref idref="oc-52d"/>
      </symbol>
      <symbol id="sm-815">
         <name>__mspabi_slll_1</name>
         <value>0x9b82</value>
         <object_component_ref idref="oc-52d"/>
      </symbol>
      <symbol id="sm-816">
         <name>__mspabi_slll_15</name>
         <value>0x9b4a</value>
         <object_component_ref idref="oc-52d"/>
      </symbol>
      <symbol id="sm-817">
         <name>__mspabi_slll_14</name>
         <value>0x9b4e</value>
         <object_component_ref idref="oc-52d"/>
      </symbol>
      <symbol id="sm-818">
         <name>__mspabi_slll_13</name>
         <value>0x9b52</value>
         <object_component_ref idref="oc-52d"/>
      </symbol>
      <symbol id="sm-819">
         <name>__mspabi_slll_12</name>
         <value>0x9b56</value>
         <object_component_ref idref="oc-52d"/>
      </symbol>
      <symbol id="sm-81a">
         <name>__mspabi_slll_11</name>
         <value>0x9b5a</value>
         <object_component_ref idref="oc-52d"/>
      </symbol>
      <symbol id="sm-81b">
         <name>__mspabi_slll_10</name>
         <value>0x9b5e</value>
         <object_component_ref idref="oc-52d"/>
      </symbol>
      <symbol id="sm-823">
         <name>__mspabi_sral_15</name>
         <value>0x9b0c</value>
         <object_component_ref idref="oc-7a0"/>
      </symbol>
      <symbol id="sm-824">
         <name>__mspabi_sral_14</name>
         <value>0x9b10</value>
         <object_component_ref idref="oc-7a0"/>
      </symbol>
      <symbol id="sm-825">
         <name>__mspabi_sral_13</name>
         <value>0x9b14</value>
         <object_component_ref idref="oc-7a0"/>
      </symbol>
      <symbol id="sm-826">
         <name>__mspabi_sral_12</name>
         <value>0x9b18</value>
         <object_component_ref idref="oc-7a0"/>
      </symbol>
      <symbol id="sm-827">
         <name>__mspabi_sral_11</name>
         <value>0x9b1c</value>
         <object_component_ref idref="oc-7a0"/>
      </symbol>
      <symbol id="sm-828">
         <name>__mspabi_sral_10</name>
         <value>0x9b20</value>
         <object_component_ref idref="oc-7a0"/>
      </symbol>
      <symbol id="sm-829">
         <name>__mspabi_sral_8</name>
         <value>0x9b28</value>
         <object_component_ref idref="oc-7a0"/>
      </symbol>
      <symbol id="sm-82a">
         <name>__mspabi_sral_9</name>
         <value>0x9b24</value>
         <object_component_ref idref="oc-7a0"/>
      </symbol>
      <symbol id="sm-82b">
         <name>__mspabi_sral_6</name>
         <value>0x9b30</value>
         <object_component_ref idref="oc-7a0"/>
      </symbol>
      <symbol id="sm-82c">
         <name>__mspabi_sral_7</name>
         <value>0x9b2c</value>
         <object_component_ref idref="oc-7a0"/>
      </symbol>
      <symbol id="sm-82d">
         <name>__mspabi_sral_4</name>
         <value>0x9b38</value>
         <object_component_ref idref="oc-7a0"/>
      </symbol>
      <symbol id="sm-82e">
         <name>__mspabi_sral_5</name>
         <value>0x9b34</value>
         <object_component_ref idref="oc-7a0"/>
      </symbol>
      <symbol id="sm-82f">
         <name>__mspabi_sral_2</name>
         <value>0x9b40</value>
         <object_component_ref idref="oc-7a0"/>
      </symbol>
      <symbol id="sm-830">
         <name>__mspabi_sral_3</name>
         <value>0x9b3c</value>
         <object_component_ref idref="oc-7a0"/>
      </symbol>
      <symbol id="sm-831">
         <name>__mspabi_sral_1</name>
         <value>0x9b44</value>
         <object_component_ref idref="oc-7a0"/>
      </symbol>
      <symbol id="sm-83f">
         <name>__mspabi_srlll</name>
         <value>0x9bc4</value>
         <object_component_ref idref="oc-7a6"/>
      </symbol>
      <symbol id="sm-84f">
         <name>_stack</name>
         <value>0x2f60</value>
         <object_component_ref idref="oc-47c"/>
      </symbol>
      <symbol id="sm-850">
         <name>_c_int00_noargs</name>
         <value>0xa07a</value>
         <object_component_ref idref="oc-4de"/>
      </symbol>
      <symbol id="sm-851">
         <name>_reset_vector</name>
         <value>0xfffe</value>
         <object_component_ref idref="oc-47f"/>
      </symbol>
      <symbol id="sm-875">
         <name>__TI_auto_init_nobinit_nopinit_hold_wdt</name>
         <value>0x9656</value>
         <object_component_ref idref="oc-603"/>
      </symbol>
      <symbol id="sm-87e">
         <name>_system_post_cinit</name>
         <value>0x9e22</value>
         <object_component_ref idref="oc-660"/>
      </symbol>
      <symbol id="sm-887">
         <name>_system_pre_init</name>
         <value>0x9e1e</value>
         <object_component_ref idref="oc-55c"/>
      </symbol>
      <symbol id="sm-893">
         <name>C$$EXIT</name>
         <value>0x9e18</value>
         <object_component_ref idref="oc-5df"/>
      </symbol>
      <symbol id="sm-894">
         <name>abort</name>
         <value>0x9e18</value>
         <object_component_ref idref="oc-5df"/>
      </symbol>
      <symbol id="sm-8a4">
         <name>memcpy</name>
         <value>0x9dc0</value>
         <object_component_ref idref="oc-6db"/>
      </symbol>
      <symbol id="sm-8b2">
         <name>memset</name>
         <value>0x9dac</value>
         <object_component_ref idref="oc-709"/>
      </symbol>
      <symbol id="sm-8c1">
         <name>strcat</name>
         <value>0x9d0c</value>
         <object_component_ref idref="oc-71b"/>
      </symbol>
      <symbol id="sm-8ce">
         <name>strlen</name>
         <value>0x9e0a</value>
         <object_component_ref idref="oc-722"/>
      </symbol>
   </symbol_table>
   <title>Link successful</title>
</link_info>
